../Core/Src/main.c:99:6:SetServoPosition	24	static
../Core/Src/main.c:109:6:mazak	16	static
../Core/Src/main.c:127:6:leveling	8	static
../Core/Src/main.c:146:10:kierunek_silnikaX	16	static
../Core/Src/main.c:160:10:kierunek_silnikaY	16	static
../Core/Src/main.c:239:6:ruchliniowy	40	static
../Core/Src/main.c:289:6:homing	8	static
../Core/Src/main.c:327:6:list_files	16	static
../Core/Src/main.c:359:6:wykonaj_linie	64	static
../Core/Src/main.c:413:6:linia_po_lini	152	static
../Core/Src/main.c:452:6:wyświetl_pluto	16	static
../Core/Src/main.c:457:6:wyświetlanie_menu_głównego	24	static
../Core/Src/main.c:485:6:wyświetlanie_plików	32	static
../Core/Src/main.c:513:9:kordynaty_napisu_pliku	24	static
../Core/Src/main.c:518:6:wyświetlanie_czy_uruchomić_plik	32	static
../Core/Src/main.c:539:6:ExecuteState	16	static
../Core/Src/main.c:616:5:main	8	static
../Core/Src/main.c:680:6:SystemClock_Config	72	static
../Core/Src/main.c:723:6:Error_Handler	4	static,ignoring_inline_asm
