Archive member included to satisfy reference by file (symbol)

C:/ST/STM32CubeIDE_1.19.0/STM32CubeIDE/plugins/com.st.stm32cube.ide.mcu.externaltools.gnu-tools-for-stm32.13.3.rel1.win32_1.0.0.202411081344/tools/bin/../lib/gcc/arm-none-eabi/13.3.1/../../../../arm-none-eabi/lib/thumb/v7-m/nofp\libc_nano.a(libc_a-exit.o)
                              C:/ST/STM32CubeIDE_1.19.0/STM32CubeIDE/plugins/com.st.stm32cube.ide.mcu.externaltools.gnu-tools-for-stm32.13.3.rel1.win32_1.0.0.202411081344/tools/bin/../lib/gcc/arm-none-eabi/13.3.1/../../../../arm-none-eabi/lib/thumb/v7-m/nofp/crt0.o (exit)
C:/ST/STM32CubeIDE_1.19.0/STM32CubeIDE/plugins/com.st.stm32cube.ide.mcu.externaltools.gnu-tools-for-stm32.13.3.rel1.win32_1.0.0.202411081344/tools/bin/../lib/gcc/arm-none-eabi/13.3.1/../../../../arm-none-eabi/lib/thumb/v7-m/nofp\libc_nano.a(libc_a-findfp.o)
                              C:/ST/STM32CubeIDE_1.19.0/STM32CubeIDE/plugins/com.st.stm32cube.ide.mcu.externaltools.gnu-tools-for-stm32.13.3.rel1.win32_1.0.0.202411081344/tools/bin/../lib/gcc/arm-none-eabi/13.3.1/../../../../arm-none-eabi/lib/thumb/v7-m/nofp\libc_nano.a(libc_a-exit.o) (__stdio_exit_handler)
C:/ST/STM32CubeIDE_1.19.0/STM32CubeIDE/plugins/com.st.stm32cube.ide.mcu.externaltools.gnu-tools-for-stm32.13.3.rel1.win32_1.0.0.202411081344/tools/bin/../lib/gcc/arm-none-eabi/13.3.1/../../../../arm-none-eabi/lib/thumb/v7-m/nofp\libc_nano.a(libc_a-fwalk.o)
                              C:/ST/STM32CubeIDE_1.19.0/STM32CubeIDE/plugins/com.st.stm32cube.ide.mcu.externaltools.gnu-tools-for-stm32.13.3.rel1.win32_1.0.0.202411081344/tools/bin/../lib/gcc/arm-none-eabi/13.3.1/../../../../arm-none-eabi/lib/thumb/v7-m/nofp\libc_nano.a(libc_a-findfp.o) (_fwalk_sglue)
C:/ST/STM32CubeIDE_1.19.0/STM32CubeIDE/plugins/com.st.stm32cube.ide.mcu.externaltools.gnu-tools-for-stm32.13.3.rel1.win32_1.0.0.202411081344/tools/bin/../lib/gcc/arm-none-eabi/13.3.1/../../../../arm-none-eabi/lib/thumb/v7-m/nofp\libc_nano.a(libc_a-printf.o)
                              ./Core/Src/main.o (printf)
C:/ST/STM32CubeIDE_1.19.0/STM32CubeIDE/plugins/com.st.stm32cube.ide.mcu.externaltools.gnu-tools-for-stm32.13.3.rel1.win32_1.0.0.202411081344/tools/bin/../lib/gcc/arm-none-eabi/13.3.1/../../../../arm-none-eabi/lib/thumb/v7-m/nofp\libc_nano.a(libc_a-puts.o)
                              ./Core/Src/main.o (puts)
C:/ST/STM32CubeIDE_1.19.0/STM32CubeIDE/plugins/com.st.stm32cube.ide.mcu.externaltools.gnu-tools-for-stm32.13.3.rel1.win32_1.0.0.202411081344/tools/bin/../lib/gcc/arm-none-eabi/13.3.1/../../../../arm-none-eabi/lib/thumb/v7-m/nofp\libc_nano.a(libc_a-snprintf.o)
                              ./Core/Src/main.o (snprintf)
C:/ST/STM32CubeIDE_1.19.0/STM32CubeIDE/plugins/com.st.stm32cube.ide.mcu.externaltools.gnu-tools-for-stm32.13.3.rel1.win32_1.0.0.202411081344/tools/bin/../lib/gcc/arm-none-eabi/13.3.1/../../../../arm-none-eabi/lib/thumb/v7-m/nofp\libc_nano.a(libc_a-sscanf.o)
                              ./Core/Src/main.o (sscanf)
C:/ST/STM32CubeIDE_1.19.0/STM32CubeIDE/plugins/com.st.stm32cube.ide.mcu.externaltools.gnu-tools-for-stm32.13.3.rel1.win32_1.0.0.202411081344/tools/bin/../lib/gcc/arm-none-eabi/13.3.1/../../../../arm-none-eabi/lib/thumb/v7-m/nofp\libc_nano.a(libc_a-stdio.o)
                              C:/ST/STM32CubeIDE_1.19.0/STM32CubeIDE/plugins/com.st.stm32cube.ide.mcu.externaltools.gnu-tools-for-stm32.13.3.rel1.win32_1.0.0.202411081344/tools/bin/../lib/gcc/arm-none-eabi/13.3.1/../../../../arm-none-eabi/lib/thumb/v7-m/nofp\libc_nano.a(libc_a-findfp.o) (__sread)
C:/ST/STM32CubeIDE_1.19.0/STM32CubeIDE/plugins/com.st.stm32cube.ide.mcu.externaltools.gnu-tools-for-stm32.13.3.rel1.win32_1.0.0.202411081344/tools/bin/../lib/gcc/arm-none-eabi/13.3.1/../../../../arm-none-eabi/lib/thumb/v7-m/nofp\libc_nano.a(libc_a-wbuf.o)
                              C:/ST/STM32CubeIDE_1.19.0/STM32CubeIDE/plugins/com.st.stm32cube.ide.mcu.externaltools.gnu-tools-for-stm32.13.3.rel1.win32_1.0.0.202411081344/tools/bin/../lib/gcc/arm-none-eabi/13.3.1/../../../../arm-none-eabi/lib/thumb/v7-m/nofp\libc_nano.a(libc_a-puts.o) (__swbuf_r)
C:/ST/STM32CubeIDE_1.19.0/STM32CubeIDE/plugins/com.st.stm32cube.ide.mcu.externaltools.gnu-tools-for-stm32.13.3.rel1.win32_1.0.0.202411081344/tools/bin/../lib/gcc/arm-none-eabi/13.3.1/../../../../arm-none-eabi/lib/thumb/v7-m/nofp\libc_nano.a(libc_a-wsetup.o)
                              C:/ST/STM32CubeIDE_1.19.0/STM32CubeIDE/plugins/com.st.stm32cube.ide.mcu.externaltools.gnu-tools-for-stm32.13.3.rel1.win32_1.0.0.202411081344/tools/bin/../lib/gcc/arm-none-eabi/13.3.1/../../../../arm-none-eabi/lib/thumb/v7-m/nofp\libc_nano.a(libc_a-puts.o) (__swsetup_r)
C:/ST/STM32CubeIDE_1.19.0/STM32CubeIDE/plugins/com.st.stm32cube.ide.mcu.externaltools.gnu-tools-for-stm32.13.3.rel1.win32_1.0.0.202411081344/tools/bin/../lib/gcc/arm-none-eabi/13.3.1/../../../../arm-none-eabi/lib/thumb/v7-m/nofp\libc_nano.a(libc_a-memset.o)
[...]
Memory Configuration

Name             Origin             Length             Attributes
RAM              0x20000000         0x00005000         xrw
FLASH            0x08000000         0x00010000         xr
*default*        0x00000000         0xffffffff

Linker script and memory map

LOAD C:/ST/STM32CubeIDE_1.19.0/STM32CubeIDE/plugins/com.st.stm32cube.ide.mcu.externaltools.gnu-tools-for-stm32.13.3.rel1.win32_1.0.0.202411081344/tools/bin/../lib/gcc/arm-none-eabi/13.3.1/thumb/v7-m/nofp/crti.o
LOAD C:/ST/STM32CubeIDE_1.19.0/STM32CubeIDE/plugins/com.st.stm32cube.ide.mcu.externaltools.gnu-tools-for-stm32.13.3.rel1.win32_1.0.0.202411081344/tools/bin/../lib/gcc/arm-none-eabi/13.3.1/thumb/v7-m/nofp/crtbegin.o
LOAD C:/ST/STM32CubeIDE_1.19.0/STM32CubeIDE/plugins/com.st.stm32cube.ide.mcu.externaltools.gnu-tools-for-stm32.13.3.rel1.win32_1.0.0.202411081344/tools/bin/../lib/gcc/arm-none-eabi/13.3.1/../../../../arm-none-eabi/lib/thumb/v7-m/nofp/crt0.o
LOAD ./Core/Src/SH1106.o
LOAD ./Core/Src/fatfs_sd_card.o
LOAD ./Core/Src/fonts.o
LOAD ./Core/Src/gpio.o
LOAD ./Core/Src/i2c.o
LOAD ./Core/Src/main.o
LOAD ./Core/Src/spi.o
LOAD ./Core/Src/stm32f1xx_hal_msp.o
LOAD ./Core/Src/stm32f1xx_it.o
LOAD ./Core/Src/syscalls.o
LOAD ./Core/Src/sysmem.o
LOAD ./Core/Src/system_stm32f1xx.o
LOAD ./Core/Src/tim.o
LOAD ./Core/Startup/startup_stm32f103c8tx.o
LOAD ./Drivers/STM32F1xx_HAL_Driver/Src/stm32f1xx_hal.o
LOAD ./Drivers/STM32F1xx_HAL_Driver/Src/stm32f1xx_hal_cortex.o
LOAD ./Drivers/STM32F1xx_HAL_Driver/Src/stm32f1xx_hal_dma.o
LOAD ./Drivers/STM32F1xx_HAL_Driver/Src/stm32f1xx_hal_exti.o
LOAD ./Drivers/STM32F1xx_HAL_Driver/Src/stm32f1xx_hal_flash.o
LOAD ./Drivers/STM32F1xx_HAL_Driver/Src/stm32f1xx_hal_flash_ex.o
LOAD ./Drivers/STM32F1xx_HAL_Driver/Src/stm32f1xx_hal_gpio.o
LOAD ./Drivers/STM32F1xx_HAL_Driver/Src/stm32f1xx_hal_gpio_ex.o
LOAD ./Drivers/STM32F1xx_HAL_Driver/Src/stm32f1xx_hal_i2c.o
LOAD ./Drivers/STM32F1xx_HAL_Driver/Src/stm32f1xx_hal_pwr.o
LOAD ./Drivers/STM32F1xx_HAL_Driver/Src/stm32f1xx_hal_rcc.o
LOAD ./Drivers/STM32F1xx_HAL_Driver/Src/stm32f1xx_hal_rcc_ex.o
LOAD ./Drivers/STM32F1xx_HAL_Driver/Src/stm32f1xx_hal_spi.o
LOAD ./Drivers/STM32F1xx_HAL_Driver/Src/stm32f1xx_hal_tim.o
LOAD ./Drivers/STM32F1xx_HAL_Driver/Src/stm32f1xx_hal_tim_ex.o
LOAD ./FATFS/App/fatfs.o
LOAD ./FATFS/Target/user_diskio.o
LOAD ./Middlewares/Third_Party/FatFs/src/diskio.o
LOAD ./Middlewares/Third_Party/FatFs/src/ff.o
LOAD ./Middlewares/Third_Party/FatFs/src/ff_gen_drv.o
LOAD ./Middlewares/Third_Party/FatFs/src/option/ccsbcs.o
LOAD ./Middlewares/Third_Party/FatFs/src/option/syscall.o
START GROUP
LOAD C:/ST/STM32CubeIDE_1.19.0/STM32CubeIDE/plugins/com.st.stm32cube.ide.mcu.externaltools.gnu-tools-for-stm32.13.3.rel1.win32_1.0.0.202411081344/tools/bin/../lib/gcc/arm-none-eabi/13.3.1/../../../../arm-none-eabi/lib/thumb/v7-m/nofp\libc_nano.a
LOAD C:/ST/STM32CubeIDE_1.19.0/STM32CubeIDE/plugins/com.st.stm32cube.ide.mcu.externaltools.gnu-tools-for-stm32.13.3.rel1.win32_1.0.0.202411081344/tools/bin/../lib/gcc/arm-none-eabi/13.3.1/../../../../arm-none-eabi/lib/thumb/v7-m/nofp\libm.a
END GROUP
START GROUP
LOAD C:/ST/STM32CubeIDE_1.19.0/STM32CubeIDE/plugins/com.st.stm32cube.ide.mcu.externaltools.gnu-tools-for-stm32.13.3.rel1.win32_1.0.0.202411081344/tools/bin/../lib/gcc/arm-none-eabi/13.3.1/thumb/v7-m/nofp\libgcc.a
LOAD C:/ST/STM32CubeIDE_1.19.0/STM32CubeIDE/plugins/com.st.stm32cube.ide.mcu.externaltools.gnu-tools-for-stm32.13.3.rel1.win32_1.0.0.202411081344/tools/bin/../lib/gcc/arm-none-eabi/13.3.1/../../../../arm-none-eabi/lib/thumb/v7-m/nofp\libc_nano.a
END GROUP
START GROUP
LOAD C:/ST/STM32CubeIDE_1.19.0/STM32CubeIDE/plugins/com.st.stm32cube.ide.mcu.externaltools.gnu-tools-for-stm32.13.3.rel1.win32_1.0.0.202411081344/tools/bin/../lib/gcc/arm-none-eabi/13.3.1/thumb/v7-m/nofp\libgcc.a
LOAD C:/ST/STM32CubeIDE_1.19.0/STM32CubeIDE/plugins/com.st.stm32cube.ide.mcu.externaltools.gnu-tools-for-stm32.13.3.rel1.win32_1.0.0.202411081344/tools/bin/../lib/gcc/arm-none-eabi/13.3.1/../../../../arm-none-eabi/lib/thumb/v7-m/nofp\libc_nano.a
LOAD C:/ST/STM32CubeIDE_1.19.0/STM32CubeIDE/plugins/com.st.stm32cube.ide.mcu.externaltools.gnu-tools-for-stm32.13.3.rel1.win32_1.0.0.202411081344/tools/bin/../lib/gcc/arm-none-eabi/13.3.1/../../../../arm-none-eabi/lib/thumb/v7-m/nofp\libnosys.a
END GROUP
START GROUP
LOAD C:/ST/STM32CubeIDE_1.19.0/STM32CubeIDE/plugins/com.st.stm32cube.ide.mcu.externaltools.gnu-tools-for-stm32.13.3.rel1.win32_1.0.0.202411081344/tools/bin/../lib/gcc/arm-none-eabi/13.3.1/thumb/v7-m/nofp\libgcc.a
LOAD C:/ST/STM32CubeIDE_1.19.0/STM32CubeIDE/plugins/com.st.stm32cube.ide.mcu.externaltools.gnu-tools-for-stm32.13.3.rel1.win32_1.0.0.202411081344/tools/bin/../lib/gcc/arm-none-eabi/13.3.1/../../../../arm-none-eabi/lib/thumb/v7-m/nofp\libc_nano.a
LOAD C:/ST/STM32CubeIDE_1.19.0/STM32CubeIDE/plugins/com.st.stm32cube.ide.mcu.externaltools.gnu-tools-for-stm32.13.3.rel1.win32_1.0.0.202411081344/tools/bin/../lib/gcc/arm-none-eabi/13.3.1/../../../../arm-none-eabi/lib/thumb/v7-m/nofp\libnosys.a
END GROUP
LOAD C:/ST/STM32CubeIDE_1.19.0/STM32CubeIDE/plugins/com.st.stm32cube.ide.mcu.externaltools.gnu-tools-for-stm32.13.3.rel1.win32_1.0.0.202411081344/tools/bin/../lib/gcc/arm-none-eabi/13.3.1/thumb/v7-m/nofp/crtend.o
LOAD C:/ST/STM32CubeIDE_1.19.0/STM32CubeIDE/plugins/com.st.stm32cube.ide.mcu.externaltools.gnu-tools-for-stm32.13.3.rel1.win32_1.0.0.202411081344/tools/bin/../lib/gcc/arm-none-eabi/13.3.1/thumb/v7-m/nofp/crtn.o
                0x20005000                        _estack = (ORIGIN (RAM) + LENGTH (RAM))
                0x00000200                        _Min_Heap_Size = 0x200
                0x00000400                        _Min_Stack_Size = 0x400

.isr_vector     0x08000000      0x10c
                0x08000000                        . = ALIGN (0x4)
 *(.isr_vector)
 .isr_vector    0x08000000      0x10c ./Core/Startup/startup_stm32f103c8tx.o
                0x08000000                g_pfnVectors
                0x0800010c                        . = ALIGN (0x4)

.text           0x08000110     0xc3b0
                0x08000110                        . = ALIGN (0x4)
 *(.text)
 .text          0x08000110       0x40 C:/ST/STM32CubeIDE_1.19.0/STM32CubeIDE/plugins/com.st.stm32cube.ide.mcu.externaltools.gnu-tools-for-stm32.13.3.rel1.win32_1.0.0.202411081344/tools/bin/../lib/gcc/arm-none-eabi/13.3.1/thumb/v7-m/nofp/crtbegin.o
 .text          0x08000150       0x10 C:/ST/STM32CubeIDE_1.19.0/STM32CubeIDE/plugins/com.st.stm32cube.ide.mcu.externaltools.gnu-tools-for-stm32.13.3.rel1.win32_1.0.0.202411081344/tools/bin/../lib/gcc/arm-none-eabi/13.3.1/../../../../arm-none-eabi/lib/thumb/v7-m/nofp\libc_nano.a(libc_a-strlen.o)
                0x08000150                strlen
 .text          0x08000160      0x254 C:/ST/STM32CubeIDE_1.19.0/STM32CubeIDE/plugins/com.st.stm32cube.ide.mcu.externaltools.gnu-tools-for-stm32.13.3.rel1.win32_1.0.0.202411081344/tools/bin/../lib/gcc/arm-none-eabi/13.3.1/thumb/v7-m/nofp\libgcc.a(_arm_muldf3.o)
                0x08000160                __muldf3
                0x08000160                __aeabi_dmul
 .text          0x080003b4      0x378 C:/ST/STM32CubeIDE_1.19.0/STM32CubeIDE/plugins/com.st.stm32cube.ide.mcu.externaltools.gnu-tools-for-stm32.13.3.rel1.win32_1.0.0.202411081344/tools/bin/../lib/gcc/arm-none-eabi/13.3.1/thumb/v7-m/nofp\libgcc.a(_arm_addsubdf3.o)
                0x080003b4                __aeabi_drsub
                0x080003bc                __aeabi_dsub
                0x080003bc                __subdf3
                0x080003c0                __aeabi_dadd
                0x080003c0                __adddf3
                0x08000638                __floatunsidf
                0x08000638                __aeabi_ui2d
                0x08000658                __floatsidf
                0x08000658                __aeabi_i2d
                0x0800067c                __aeabi_f2d
                0x0800067c                __extendsfdf2
                0x080006c0                __floatundidf
                0x080006c0                __aeabi_ul2d
                0x080006d0                __floatdidf
                0x080006d0                __aeabi_l2d
 .text          0x0800072c       0x40 C:/ST/STM32CubeIDE_1.19.0/STM32CubeIDE/plugins/com.st.stm32cube.ide.mcu.externaltools.gnu-tools-for-stm32.13.3.rel1.win32_1.0.0.202411081344/tools/bin/../lib/gcc/arm-none-eabi/13.3.1/thumb/v7-m/nofp\libgcc.a(_arm_fixunsdfsi.o)
                0x0800072c                __aeabi_d2uiz
                0x0800072c                __fixunsdfsi
 .text          0x0800076c      0x21c C:/ST/STM32CubeIDE_1.19.0/STM32CubeIDE/plugins/com.st.stm32cube.ide.mcu.externaltools.gnu-tools-for-stm32.13.3.rel1.win32_1.0.0.202411081344/tools/bin/../lib/gcc/arm-none-eabi/13.3.1/thumb/v7-m/nofp\libgcc.a(_arm_addsubsf3.o)
                0x0800076c                __aeabi_frsub
                0x08000774                __subsf3
                0x08000774                __aeabi_fsub
                0x08000778                __aeabi_fadd
                0x08000778                __addsf3
                0x080008d8                __aeabi_ui2f
                0x080008d8                __floatunsisf
                0x080008e0                __aeabi_i2f
                0x080008e0                __floatsisf
                0x080008fc                __aeabi_ul2f
                0x080008fc                __floatundisf
                0x0800090c                __aeabi_l2f
                0x0800090c                __floatdisf
 .text          0x08000988      0x2a0 C:/ST/STM32CubeIDE_1.19.0/STM32CubeIDE/plugins/com.st.stm32cube.ide.mcu.externaltools.gnu-tools-for-stm32.13.3.rel1.win32_1.0.0.202411081344/tools/bin/../lib/gcc/arm-none-eabi/13.3.1/thumb/v7-m/nofp\libgcc.a(_arm_muldivsf3.o)
                0x08000988                __mulsf3
                0x08000988                __aeabi_fmul
                0x08000af0                __aeabi_fdiv
                0x08000af0                __divsf3
 .text          0x08000c28       0x40 C:/ST/STM32CubeIDE_1.19.0/STM32CubeIDE/plugins/com.st.stm32cube.ide.mcu.externaltools.gnu-tools-for-stm32.13.3.rel1.win32_1.0.0.202411081344/tools/bin/../lib/gcc/arm-none-eabi/13.3.1/thumb/v7-m/nofp\libgcc.a(_arm_fixunssfsi.o)
                0x08000c28                __fixunssfsi
                0x08000c28                __aeabi_f2uiz
 *(.text*)
 .text.SH1106_Init
                0x08000c68      0x148 ./Core/Src/SH1106.o
                0x08000c68                SH1106_Init
 .text.SH1106_UpdateScreen
                0x08000db0       0x64 ./Core/Src/SH1106.o
                0x08000db0                SH1106_UpdateScreen
 .text.SH1106_Fill
                0x08000e14       0x30 ./Core/Src/SH1106.o
                0x08000e14                SH1106_Fill
 .text.SH1106_DrawPixel
                0x08000e44       0xd4 ./Core/Src/SH1106.o
                0x08000e44                SH1106_DrawPixel
 .text.SH1106_GotoXY
                0x08000f18       0x2c ./Core/Src/SH1106.o
                0x08000f18                SH1106_GotoXY
 .text.SH1106_Putc
                0x08000f44       0xfc ./Core/Src/SH1106.o
                0x08000f44                SH1106_Putc
 .text.SH1106_Puts
                0x08001040       0x4a ./Core/Src/SH1106.o
                0x08001040                SH1106_Puts
 .text.SH1106_DrawLine
                0x0800108a      0x1f6 ./Core/Src/SH1106.o
                0x0800108a                SH1106_DrawLine
 .text.SH1106_DrawRectangle
                0x08001280       0xd4 ./Core/Src/SH1106.o
                0x08001280                SH1106_DrawRectangle
 .text.SH1106_DrawFilledRectangle
                0x08001354       0x9a ./Core/Src/SH1106.o
                0x08001354                SH1106_DrawFilledRectangle
 *fill*         0x080013ee        0x2 
 .text.SH1106_I2C_WriteMulti
                0x080013f0       0xcc ./Core/Src/SH1106.o
                0x080013f0                SH1106_I2C_WriteMulti
 .text.SH1106_I2C_Write
                0x080014bc       0x3c ./Core/Src/SH1106.o
                0x080014bc                SH1106_I2C_Write
 .text.SH1106_DrawBitmap
                0x080014f8       0xd0 ./Core/Src/SH1106.o
                0x080014f8                SH1106_DrawBitmap
 .text.SELECT   0x080015c8       0x1c ./Core/Src/fatfs_sd_card.o
 .text.DESELECT
                0x080015e4       0x1c ./Core/Src/fatfs_sd_card.o
 .text.SPI_TxByte
                0x08001600       0x34 ./Core/Src/fatfs_sd_card.o
 .text.SPI_TxBuffer
                0x08001634       0x34 ./Core/Src/fatfs_sd_card.o
 .text.SPI_RxByte
                0x08001668       0x38 ./Core/Src/fatfs_sd_card.o
 .text.SPI_RxBytePtr
                0x080016a0       0x1c ./Core/Src/fatfs_sd_card.o
 .text.SD_ReadyWait
                0x080016bc       0x34 ./Core/Src/fatfs_sd_card.o
 .text.SD_PowerOn
                0x080016f0       0x84 ./Core/Src/fatfs_sd_card.o
 .text.SD_PowerOff
                0x08001774       0x18 ./Core/Src/fatfs_sd_card.o
 .text.SD_CheckPower
                0x0800178c       0x14 ./Core/Src/fatfs_sd_card.o
 .text.SD_RxDataBlock
                0x080017a0       0x5c ./Core/Src/fatfs_sd_card.o
 .text.SD_TxDataBlock
                0x080017fc       0x86 ./Core/Src/fatfs_sd_card.o
 .text.SD_SendCmd
                0x08001882       0xa8 ./Core/Src/fatfs_sd_card.o
                0x08001882                SD_SendCmd
 *fill*         0x0800192a        0x2 
 .text.SD_disk_initialize
                0x0800192c      0x1cc ./Core/Src/fatfs_sd_card.o
                0x0800192c                SD_disk_initialize
 .text.SD_disk_status
                0x08001af8       0x28 ./Core/Src/fatfs_sd_card.o
                0x08001af8                SD_disk_status
 .text.SD_disk_read
                0x08001b20       0xd4 ./Core/Src/fatfs_sd_card.o
                0x08001b20                SD_disk_read
 .text.SD_disk_write
                0x08001bf4      0x108 ./Core/Src/fatfs_sd_card.o
                0x08001bf4                SD_disk_write
 .text.SD_disk_ioctl
                0x08001cfc      0x254 ./Core/Src/fatfs_sd_card.o
                0x08001cfc                SD_disk_ioctl
 .text.MX_GPIO_Init
                0x08001f50       0xd0 ./Core/Src/gpio.o
                0x08001f50                MX_GPIO_Init
 .text.MX_I2C1_Init
                0x08002020       0x5c ./Core/Src/i2c.o
                0x08002020                MX_I2C1_Init
 .text.HAL_I2C_MspInit
                0x0800207c       0x7c ./Core/Src/i2c.o
                0x0800207c                HAL_I2C_MspInit
 .text.SetServoPosition
                0x080020f8       0x70 ./Core/Src/main.o
                0x080020f8                SetServoPosition
 .text.mazak    0x08002168       0x64 ./Core/Src/main.o
                0x08002168                mazak
 .text.leveling
                0x080021cc       0x3c ./Core/Src/main.o
                0x080021cc                leveling
 .text.ruchliniowy
                0x08002208      0x204 ./Core/Src/main.o
                0x08002208                ruchliniowy
 .text.homing   0x0800240c       0xc4 ./Core/Src/main.o
                0x0800240c                homing
 .text.list_files
                0x080024d0       0xdc ./Core/Src/main.o
                0x080024d0                list_files
 .text.wykonaj_linie
                0x080025ac      0x144 ./Core/Src/main.o
                0x080025ac                wykonaj_linie
 .text.linia_po_lini
                0x080026f0      0x104 ./Core/Src/main.o
                0x080026f0                linia_po_lini
 .text.wyświetl_pluto
                0x080027f4       0x28 ./Core/Src/main.o
                0x080027f4                wyświetl_pluto
 .text.wyświetlanie_menu_głównego
                0x0800281c      0x128 ./Core/Src/main.o
                0x0800281c                wyświetlanie_menu_głównego
 .text.wyświetlanie_plików
                0x08002944      0x154 ./Core/Src/main.o
                0x08002944                wyświetlanie_plików
 .text.kordynaty_napisu_pliku
                0x08002a98       0x2a ./Core/Src/main.o
                0x08002a98                kordynaty_napisu_pliku
 *fill*         0x08002ac2        0x2 
 .text.wyświetlanie_czy_uruchomić_plik
                0x08002ac4       0xec ./Core/Src/main.o
                0x08002ac4                wyświetlanie_czy_uruchomić_plik
 .text.ExecuteState
                0x08002bb0      0x268 ./Core/Src/main.o
                0x08002bb0                ExecuteState
 .text.main     0x08002e18       0x6c ./Core/Src/main.o
                0x08002e18                main
 .text.SystemClock_Config
                0x08002e84       0x8c ./Core/Src/main.o
                0x08002e84                SystemClock_Config
 .text.Error_Handler
                0x08002f10        0xc ./Core/Src/main.o
                0x08002f10                Error_Handler
 .text.MX_SPI1_Init
                0x08002f1c       0x6c ./Core/Src/spi.o
                0x08002f1c                MX_SPI1_Init
 .text.HAL_SPI_MspInit
                0x08002f88       0xa4 ./Core/Src/spi.o
                0x08002f88                HAL_SPI_MspInit
 .text.HAL_MspInit
                0x0800302c       0x64 ./Core/Src/stm32f1xx_hal_msp.o
                0x0800302c                HAL_MspInit
 .text.NMI_Handler
                0x08003090        0x8 ./Core/Src/stm32f1xx_it.o
                0x08003090                NMI_Handler
 .text.HardFault_Handler
                0x08003098        0x8 ./Core/Src/stm32f1xx_it.o
                0x08003098                HardFault_Handler
 .text.MemManage_Handler
                0x080030a0        0x8 ./Core/Src/stm32f1xx_it.o
                0x080030a0                MemManage_Handler
 .text.BusFault_Handler
                0x080030a8        0x8 ./Core/Src/stm32f1xx_it.o
                0x080030a8                BusFault_Handler
 .text.UsageFault_Handler
                0x080030b0        0x8 ./Core/Src/stm32f1xx_it.o
                0x080030b0                UsageFault_Handler
 .text.SVC_Handler
                0x080030b8        0xc ./Core/Src/stm32f1xx_it.o
                0x080030b8                SVC_Handler
 .text.DebugMon_Handler
                0x080030c4        0xc ./Core/Src/stm32f1xx_it.o
                0x080030c4                DebugMon_Handler
 .text.PendSV_Handler
                0x080030d0        0xc ./Core/Src/stm32f1xx_it.o
                0x080030d0                PendSV_Handler
 .text.SysTick_Handler
                0x080030dc        0xc ./Core/Src/stm32f1xx_it.o
                0x080030dc                SysTick_Handler
 .text.SPI1_IRQHandler
                0x080030e8       0x14 ./Core/Src/stm32f1xx_it.o
                0x080030e8                SPI1_IRQHandler
 .text._read    0x080030fc       0x3a ./Core/Src/syscalls.o
                0x080030fc                _read
 .text._write   0x08003136       0x38 ./Core/Src/syscalls.o
                0x08003136                _write
 .text._close   0x0800316e       0x16 ./Core/Src/syscalls.o
                0x0800316e                _close
 .text._fstat   0x08003184       0x1e ./Core/Src/syscalls.o
                0x08003184                _fstat
 .text._isatty  0x080031a2       0x14 ./Core/Src/syscalls.o
                0x080031a2                _isatty
 .text._lseek   0x080031b6       0x18 ./Core/Src/syscalls.o
                0x080031b6                _lseek
 *fill*         0x080031ce        0x2 
 .text._sbrk    0x080031d0       0x6c ./Core/Src/sysmem.o
                0x080031d0                _sbrk
 .text.SystemInit
                0x0800323c        0xc ./Core/Src/system_stm32f1xx.o
                0x0800323c                SystemInit
 .text.MX_TIM1_Init
                0x08003248      0x140 ./Core/Src/tim.o
                0x08003248                MX_TIM1_Init
 .text.MX_TIM2_Init
                0x08003388       0xe8 ./Core/Src/tim.o
                0x08003388                MX_TIM2_Init
 .text.MX_TIM3_Init
                0x08003470       0xec ./Core/Src/tim.o
                0x08003470                MX_TIM3_Init
 .text.HAL_TIM_Base_MspInit
                0x0800355c       0x88 ./Core/Src/tim.o
                0x0800355c                HAL_TIM_Base_MspInit
 .text.HAL_TIM_MspPostInit
                0x080035e4      0x110 ./Core/Src/tim.o
                0x080035e4                HAL_TIM_MspPostInit
 .text.Reset_Handler
                0x080036f4       0x48 ./Core/Startup/startup_stm32f103c8tx.o
                0x080036f4                Reset_Handler
 .text.Default_Handler
                0x0800373c        0x2 ./Core/Startup/startup_stm32f103c8tx.o
                0x0800373c                RTC_Alarm_IRQHandler
                0x0800373c                EXTI2_IRQHandler
                0x0800373c                TIM1_CC_IRQHandler
                0x0800373c                PVD_IRQHandler
                0x0800373c                EXTI3_IRQHandler
                0x0800373c                EXTI0_IRQHandler
                0x0800373c                I2C2_EV_IRQHandler
                0x0800373c                ADC1_2_IRQHandler
                0x0800373c                TAMPER_IRQHandler
                0x0800373c                DMA1_Channel4_IRQHandler
                0x0800373c                USART3_IRQHandler
                0x0800373c                RTC_IRQHandler
                0x0800373c                DMA1_Channel7_IRQHandler
                0x0800373c                CAN1_RX1_IRQHandler
                0x0800373c                TIM4_IRQHandler
                0x0800373c                I2C1_EV_IRQHandler
                0x0800373c                DMA1_Channel6_IRQHandler
                0x0800373c                TIM3_IRQHandler
                0x0800373c                RCC_IRQHandler
                0x0800373c                TIM1_TRG_COM_IRQHandler
                0x0800373c                DMA1_Channel1_IRQHandler
                0x0800373c                Default_Handler
                0x0800373c                EXTI15_10_IRQHandler
                0x0800373c                EXTI9_5_IRQHandler
                0x0800373c                SPI2_IRQHandler
                0x0800373c                DMA1_Channel5_IRQHandler
                0x0800373c                EXTI4_IRQHandler
                0x0800373c                USB_LP_CAN1_RX0_IRQHandler
                0x0800373c                USB_HP_CAN1_TX_IRQHandler
                0x0800373c                DMA1_Channel3_IRQHandler
                0x0800373c                TIM1_UP_IRQHandler
                0x0800373c                WWDG_IRQHandler
                0x0800373c                TIM2_IRQHandler
                0x0800373c                TIM1_BRK_IRQHandler
                0x0800373c                EXTI1_IRQHandler
                0x0800373c                USART2_IRQHandler
                0x0800373c                I2C2_ER_IRQHandler
                0x0800373c                DMA1_Channel2_IRQHandler
                0x0800373c                CAN1_SCE_IRQHandler
                0x0800373c                FLASH_IRQHandler
                0x0800373c                USART1_IRQHandler
                0x0800373c                I2C1_ER_IRQHandler
                0x0800373c                USBWakeUp_IRQHandler
 *fill*         0x0800373e        0x2 
 .text.HAL_Init
                0x08003740       0x2c ./Drivers/STM32F1xx_HAL_Driver/Src/stm32f1xx_hal.o
                0x08003740                HAL_Init
 .text.HAL_InitTick
                0x0800376c       0x60 ./Drivers/STM32F1xx_HAL_Driver/Src/stm32f1xx_hal.o
                0x0800376c                HAL_InitTick
 .text.HAL_IncTick
                0x080037cc       0x24 ./Drivers/STM32F1xx_HAL_Driver/Src/stm32f1xx_hal.o
                0x080037cc                HAL_IncTick
 .text.HAL_GetTick
                0x080037f0       0x14 ./Drivers/STM32F1xx_HAL_Driver/Src/stm32f1xx_hal.o
                0x080037f0                HAL_GetTick
 .text.HAL_Delay
                0x08003804       0x48 ./Drivers/STM32F1xx_HAL_Driver/Src/stm32f1xx_hal.o
                0x08003804                HAL_Delay
 .text.__NVIC_SetPriorityGrouping
                0x0800384c       0x48 ./Drivers/STM32F1xx_HAL_Driver/Src/stm32f1xx_hal_cortex.o
 .text.__NVIC_GetPriorityGrouping
                0x08003894       0x1c ./Drivers/STM32F1xx_HAL_Driver/Src/stm32f1xx_hal_cortex.o
 .text.__NVIC_EnableIRQ
                0x080038b0       0x38 ./Drivers/STM32F1xx_HAL_Driver/Src/stm32f1xx_hal_cortex.o
 .text.__NVIC_SetPriority
                0x080038e8       0x54 ./Drivers/STM32F1xx_HAL_Driver/Src/stm32f1xx_hal_cortex.o
 .text.NVIC_EncodePriority
                0x0800393c       0x64 ./Drivers/STM32F1xx_HAL_Driver/Src/stm32f1xx_hal_cortex.o
 .text.SysTick_Config
                0x080039a0       0x44 ./Drivers/STM32F1xx_HAL_Driver/Src/stm32f1xx_hal_cortex.o
 .text.HAL_NVIC_SetPriorityGrouping
                0x080039e4       0x16 ./Drivers/STM32F1xx_HAL_Driver/Src/stm32f1xx_hal_cortex.o
                0x080039e4                HAL_NVIC_SetPriorityGrouping
 .text.HAL_NVIC_SetPriority
                0x080039fa       0x38 ./Drivers/STM32F1xx_HAL_Driver/Src/stm32f1xx_hal_cortex.o
                0x080039fa                HAL_NVIC_SetPriority
 .text.HAL_NVIC_EnableIRQ
                0x08003a32       0x1c ./Drivers/STM32F1xx_HAL_Driver/Src/stm32f1xx_hal_cortex.o
                0x08003a32                HAL_NVIC_EnableIRQ
 .text.HAL_SYSTICK_Config
                0x08003a4e       0x18 ./Drivers/STM32F1xx_HAL_Driver/Src/stm32f1xx_hal_cortex.o
                0x08003a4e                HAL_SYSTICK_Config
 *fill*         0x08003a66        0x2 
 .text.HAL_DMA_Abort_IT
                0x08003a68       0xf0 ./Drivers/STM32F1xx_HAL_Driver/Src/stm32f1xx_hal_dma.o
                0x08003a68                HAL_DMA_Abort_IT
 .text.HAL_GPIO_Init
                0x08003b58      0x308 ./Drivers/STM32F1xx_HAL_Driver/Src/stm32f1xx_hal_gpio.o
                0x08003b58                HAL_GPIO_Init
 .text.HAL_GPIO_ReadPin
                0x08003e60       0x2e ./Drivers/STM32F1xx_HAL_Driver/Src/stm32f1xx_hal_gpio.o
                0x08003e60                HAL_GPIO_ReadPin
 .text.HAL_GPIO_WritePin
                0x08003e8e       0x30 ./Drivers/STM32F1xx_HAL_Driver/Src/stm32f1xx_hal_gpio.o
                0x08003e8e                HAL_GPIO_WritePin
 *fill*         0x08003ebe        0x2 
 .text.HAL_I2C_Init
                0x08003ec0      0x288 ./Drivers/STM32F1xx_HAL_Driver/Src/stm32f1xx_hal_i2c.o
                0x08003ec0                HAL_I2C_Init
 .text.HAL_I2C_Master_Transmit
                0x08004148      0x1fc ./Drivers/STM32F1xx_HAL_Driver/Src/stm32f1xx_hal_i2c.o
                0x08004148                HAL_I2C_Master_Transmit
 .text.HAL_I2C_IsDeviceReady
                0x08004344      0x25c ./Drivers/STM32F1xx_HAL_Driver/Src/stm32f1xx_hal_i2c.o
                0x08004344                HAL_I2C_IsDeviceReady
 .text.I2C_MasterRequestWrite
                0x080045a0      0x104 ./Drivers/STM32F1xx_HAL_Driver/Src/stm32f1xx_hal_i2c.o
 .text.I2C_WaitOnFlagUntilTimeout
                0x080046a4       0xf4 ./Drivers/STM32F1xx_HAL_Driver/Src/stm32f1xx_hal_i2c.o
 .text.I2C_WaitOnMasterAddressFlagUntilTimeout
                0x08004798      0x140 ./Drivers/STM32F1xx_HAL_Driver/Src/stm32f1xx_hal_i2c.o
 .text.I2C_WaitOnTXEFlagUntilTimeout
                0x080048d8       0x90 ./Drivers/STM32F1xx_HAL_Driver/Src/stm32f1xx_hal_i2c.o
 .text.I2C_WaitOnBTFFlagUntilTimeout
                0x08004968       0x90 ./Drivers/STM32F1xx_HAL_Driver/Src/stm32f1xx_hal_i2c.o
 .text.I2C_IsAcknowledgeFailed
                0x080049f8       0x5c ./Drivers/STM32F1xx_HAL_Driver/Src/stm32f1xx_hal_i2c.o
 .text.HAL_RCC_OscConfig
                0x08004a54      0x504 ./Drivers/STM32F1xx_HAL_Driver/Src/stm32f1xx_hal_rcc.o
                0x08004a54                HAL_RCC_OscConfig
 .text.HAL_RCC_ClockConfig
                0x08004f58      0x1d4 ./Drivers/STM32F1xx_HAL_Driver/Src/stm32f1xx_hal_rcc.o
                0x08004f58                HAL_RCC_ClockConfig
 .text.HAL_RCC_GetSysClockFreq
                0x0800512c       0xa8 ./Drivers/STM32F1xx_HAL_Driver/Src/stm32f1xx_hal_rcc.o
                0x0800512c                HAL_RCC_GetSysClockFreq
 .text.HAL_RCC_GetHCLKFreq
                0x080051d4       0x14 ./Drivers/STM32F1xx_HAL_Driver/Src/stm32f1xx_hal_rcc.o
                0x080051d4                HAL_RCC_GetHCLKFreq
 .text.HAL_RCC_GetPCLK1Freq
                0x080051e8       0x28 ./Drivers/STM32F1xx_HAL_Driver/Src/stm32f1xx_hal_rcc.o
                0x080051e8                HAL_RCC_GetPCLK1Freq
 .text.RCC_Delay
                0x08005210       0x3c ./Drivers/STM32F1xx_HAL_Driver/Src/stm32f1xx_hal_rcc.o
 .text.HAL_SPI_Init
                0x0800524c      0x108 ./Drivers/STM32F1xx_HAL_Driver/Src/stm32f1xx_hal_spi.o
                0x0800524c                HAL_SPI_Init
 .text.HAL_SPI_Transmit
                0x08005354      0x288 ./Drivers/STM32F1xx_HAL_Driver/Src/stm32f1xx_hal_spi.o
                0x08005354                HAL_SPI_Transmit
 .text.HAL_SPI_TransmitReceive
                0x080055dc      0x352 ./Drivers/STM32F1xx_HAL_Driver/Src/stm32f1xx_hal_spi.o
                0x080055dc                HAL_SPI_TransmitReceive
 *fill*         0x0800592e        0x2 
 .text.HAL_SPI_IRQHandler
                0x08005930      0x1cc ./Drivers/STM32F1xx_HAL_Driver/Src/stm32f1xx_hal_spi.o
                0x08005930                HAL_SPI_IRQHandler
 .text.HAL_SPI_ErrorCallback
                0x08005afc       0x12 ./Drivers/STM32F1xx_HAL_Driver/Src/stm32f1xx_hal_spi.o
                0x08005afc                HAL_SPI_ErrorCallback
 .text.SPI_DMAAbortOnError
                0x08005b0e       0x28 ./Drivers/STM32F1xx_HAL_Driver/Src/stm32f1xx_hal_spi.o
 *fill*         0x08005b36        0x2 
 .text.SPI_WaitFlagStateUntilTimeout
                0x08005b38      0x110 ./Drivers/STM32F1xx_HAL_Driver/Src/stm32f1xx_hal_spi.o
 .text.SPI_EndRxTxTransaction
                0x08005c48       0x62 ./Drivers/STM32F1xx_HAL_Driver/Src/stm32f1xx_hal_spi.o
 .text.HAL_TIM_Base_Init
                0x08005caa       0x9e ./Drivers/STM32F1xx_HAL_Driver/Src/stm32f1xx_hal_tim.o
                0x08005caa                HAL_TIM_Base_Init
 .text.HAL_TIM_PWM_Init
                0x08005d48       0x9e ./Drivers/STM32F1xx_HAL_Driver/Src/stm32f1xx_hal_tim.o
                0x08005d48                HAL_TIM_PWM_Init
 .text.HAL_TIM_PWM_MspInit
                0x08005de6       0x12 ./Drivers/STM32F1xx_HAL_Driver/Src/stm32f1xx_hal_tim.o
                0x08005de6                HAL_TIM_PWM_MspInit
 .text.HAL_TIM_PWM_Start
                0x08005df8      0x144 ./Drivers/STM32F1xx_HAL_Driver/Src/stm32f1xx_hal_tim.o
                0x08005df8                HAL_TIM_PWM_Start
 .text.HAL_TIM_PWM_Stop
                0x08005f3c       0xc8 ./Drivers/STM32F1xx_HAL_Driver/Src/stm32f1xx_hal_tim.o
                0x08005f3c                HAL_TIM_PWM_Stop
 .text.HAL_TIM_PWM_ConfigChannel
                0x08006004      0x184 ./Drivers/STM32F1xx_HAL_Driver/Src/stm32f1xx_hal_tim.o
                0x08006004                HAL_TIM_PWM_ConfigChannel
 .text.HAL_TIM_ConfigClockSource
                0x08006188      0x18e ./Drivers/STM32F1xx_HAL_Driver/Src/stm32f1xx_hal_tim.o
                0x08006188                HAL_TIM_ConfigClockSource
 *fill*         0x08006316        0x2 
 .text.TIM_Base_SetConfig
                0x08006318       0xdc ./Drivers/STM32F1xx_HAL_Driver/Src/stm32f1xx_hal_tim.o
                0x08006318                TIM_Base_SetConfig
 .text.TIM_OC1_SetConfig
                0x080063f4       0xcc ./Drivers/STM32F1xx_HAL_Driver/Src/stm32f1xx_hal_tim.o
 .text.TIM_OC2_SetConfig
                0x080064c0       0xd4 ./Drivers/STM32F1xx_HAL_Driver/Src/stm32f1xx_hal_tim.o
                0x080064c0                TIM_OC2_SetConfig
 .text.TIM_OC3_SetConfig
                0x08006594       0xd4 ./Drivers/STM32F1xx_HAL_Driver/Src/stm32f1xx_hal_tim.o
 .text.TIM_OC4_SetConfig
                0x08006668       0x9c ./Drivers/STM32F1xx_HAL_Driver/Src/stm32f1xx_hal_tim.o
 .text.TIM_TI1_ConfigInputStage
                0x08006704       0x5c ./Drivers/STM32F1xx_HAL_Driver/Src/stm32f1xx_hal_tim.o
 .text.TIM_TI2_ConfigInputStage
                0x08006760       0x5e ./Drivers/STM32F1xx_HAL_Driver/Src/stm32f1xx_hal_tim.o
 .text.TIM_ITRx_SetConfig
                0x080067be       0x34 ./Drivers/STM32F1xx_HAL_Driver/Src/stm32f1xx_hal_tim.o
 .text.TIM_ETR_SetConfig
                0x080067f2       0x3e ./Drivers/STM32F1xx_HAL_Driver/Src/stm32f1xx_hal_tim.o
                0x080067f2                TIM_ETR_SetConfig
 .text.TIM_CCxChannelCmd
                0x08006830       0x48 ./Drivers/STM32F1xx_HAL_Driver/Src/stm32f1xx_hal_tim.o
                0x08006830                TIM_CCxChannelCmd
 .text.HAL_TIMEx_MasterConfigSynchronization
                0x08006878       0xbc ./Drivers/STM32F1xx_HAL_Driver/Src/stm32f1xx_hal_tim_ex.o
                0x08006878                HAL_TIMEx_MasterConfigSynchronization
 .text.HAL_TIMEx_ConfigBreakDeadTime
                0x08006934       0xa2 ./Drivers/STM32F1xx_HAL_Driver/Src/stm32f1xx_hal_tim_ex.o
                0x08006934                HAL_TIMEx_ConfigBreakDeadTime
 *fill*         0x080069d6        0x2 
 .text.MX_FATFS_Init
                0x080069d8       0x24 ./FATFS/App/fatfs.o
                0x080069d8                MX_FATFS_Init
 .text.get_fattime
                0x080069fc        0xe ./FATFS/App/fatfs.o
                0x080069fc                get_fattime
 .text.USER_initialize
                0x08006a0a       0x1e ./FATFS/Target/user_diskio.o
                0x08006a0a                USER_initialize
 .text.USER_status
                0x08006a28       0x1e ./FATFS/Target/user_diskio.o
                0x08006a28                USER_status
 .text.USER_read
                0x08006a46       0x28 ./FATFS/Target/user_diskio.o
                0x08006a46                USER_read
 .text.USER_write
                0x08006a6e       0x28 ./FATFS/Target/user_diskio.o
                0x08006a6e                USER_write
 .text.USER_ioctl
                0x08006a96       0x28 ./FATFS/Target/user_diskio.o
                0x08006a96                USER_ioctl
 *fill*         0x08006abe        0x2 
 .text.disk_status
                0x08006ac0       0x34 ./Middlewares/Third_Party/FatFs/src/diskio.o
                0x08006ac0                disk_status
 .text.disk_initialize
                0x08006af4       0x4c ./Middlewares/Third_Party/FatFs/src/diskio.o
                0x08006af4                disk_initialize
 .text.disk_read
                0x08006b40       0x40 ./Middlewares/Third_Party/FatFs/src/diskio.o
                0x08006b40                disk_read
 .text.disk_write
                0x08006b80       0x40 ./Middlewares/Third_Party/FatFs/src/diskio.o
                0x08006b80                disk_write
 .text.disk_ioctl
                0x08006bc0       0x3c ./Middlewares/Third_Party/FatFs/src/diskio.o
                0x08006bc0                disk_ioctl
 .text.mem_cpy  0x08006bfc       0x3c ./Middlewares/Third_Party/FatFs/src/ff.o
 .text.mem_set  0x08006c38       0x34 ./Middlewares/Third_Party/FatFs/src/ff.o
 .text.mem_cmp  0x08006c6c       0x4c ./Middlewares/Third_Party/FatFs/src/ff.o
 .text.chk_chr  0x08006cb8       0x34 ./Middlewares/Third_Party/FatFs/src/ff.o
 .text.chk_lock
                0x08006cec       0xe0 ./Middlewares/Third_Party/FatFs/src/ff.o
 .text.enq_lock
                0x08006dcc       0x48 ./Middlewares/Third_Party/FatFs/src/ff.o
 .text.inc_lock
                0x08006e14      0x178 ./Middlewares/Third_Party/FatFs/src/ff.o
 .text.dec_lock
                0x08006f8c       0x88 ./Middlewares/Third_Party/FatFs/src/ff.o
 .text.clear_lock
                0x08007014       0x54 ./Middlewares/Third_Party/FatFs/src/ff.o
 .text.sync_window
                0x08007068       0xa4 ./Middlewares/Third_Party/FatFs/src/ff.o
 .text.move_window
                0x0800710c       0x64 ./Middlewares/Third_Party/FatFs/src/ff.o
 .text.sync_fs  0x08007170      0x17e ./Middlewares/Third_Party/FatFs/src/ff.o
 .text.clust2sect
                0x080072ee       0x48 ./Middlewares/Third_Party/FatFs/src/ff.o
                0x080072ee                clust2sect
 .text.get_fat  0x08007336      0x1f8 ./Middlewares/Third_Party/FatFs/src/ff.o
                0x08007336                get_fat
 .text.put_fat  0x0800752e      0x2a6 ./Middlewares/Third_Party/FatFs/src/ff.o
                0x0800752e                put_fat
 .text.remove_chain
                0x080077d4       0xc2 ./Middlewares/Third_Party/FatFs/src/ff.o
 .text.create_chain
                0x08007896      0x150 ./Middlewares/Third_Party/FatFs/src/ff.o
 .text.clmt_clust
                0x080079e6       0x80 ./Middlewares/Third_Party/FatFs/src/ff.o
 .text.dir_sdi  0x08007a66      0x19c ./Middlewares/Third_Party/FatFs/src/ff.o
 .text.dir_next
                0x08007c02      0x294 ./Middlewares/Third_Party/FatFs/src/ff.o
 .text.dir_alloc
                0x08007e96       0x9c ./Middlewares/Third_Party/FatFs/src/ff.o
 .text.ld_clust
                0x08007f32       0x60 ./Middlewares/Third_Party/FatFs/src/ff.o
 .text.st_clust
                0x08007f92       0x4c ./Middlewares/Third_Party/FatFs/src/ff.o
 *fill*         0x08007fde        0x2 
 .text.cmp_lfn  0x08007fe0       0xdc ./Middlewares/Third_Party/FatFs/src/ff.o
 .text.pick_lfn
                0x080080bc       0xc8 ./Middlewares/Third_Party/FatFs/src/ff.o
 .text.fit_lfn  0x08008184       0xe8 ./Middlewares/Third_Party/FatFs/src/ff.o
 .text.gen_numname
                0x0800826c      0x11c ./Middlewares/Third_Party/FatFs/src/ff.o
 .text.sum_sfn  0x08008388       0x40 ./Middlewares/Third_Party/FatFs/src/ff.o
 .text.dir_find
                0x080083c8      0x198 ./Middlewares/Third_Party/FatFs/src/ff.o
 .text.dir_read
                0x08008560      0x164 ./Middlewares/Third_Party/FatFs/src/ff.o
 .text.dir_register
                0x080086c4      0x248 ./Middlewares/Third_Party/FatFs/src/ff.o
 .text.get_fileinfo
                0x0800890c      0x1ac ./Middlewares/Third_Party/FatFs/src/ff.o
 .text.create_name
                0x08008ab8      0x37c ./Middlewares/Third_Party/FatFs/src/ff.o
 .text.follow_path
                0x08008e34       0xec ./Middlewares/Third_Party/FatFs/src/ff.o
 .text.get_ldnumber
                0x08008f20       0x86 ./Middlewares/Third_Party/FatFs/src/ff.o
 *fill*         0x08008fa6        0x2 
 .text.check_fs
                0x08008fa8       0xdc ./Middlewares/Third_Party/FatFs/src/ff.o
 .text.find_volume
                0x08009084      0x670 ./Middlewares/Third_Party/FatFs/src/ff.o
 .text.validate
                0x080096f4       0x76 ./Middlewares/Third_Party/FatFs/src/ff.o
 *fill*         0x0800976a        0x2 
 .text.f_mount  0x0800976c       0x94 ./Middlewares/Third_Party/FatFs/src/ff.o
                0x0800976c                f_mount
 .text.f_open   0x08009800      0x628 ./Middlewares/Third_Party/FatFs/src/ff.o
                0x08009800                f_open
 .text.f_read   0x08009e28      0x3d0 ./Middlewares/Third_Party/FatFs/src/ff.o
                0x08009e28                f_read
 .text.f_sync   0x0800a1f8      0x19c ./Middlewares/Third_Party/FatFs/src/ff.o
                0x0800a1f8                f_sync
 .text.f_close  0x0800a394       0x56 ./Middlewares/Third_Party/FatFs/src/ff.o
                0x0800a394                f_close
 *fill*         0x0800a3ea        0x2 
 .text.f_opendir
                0x0800a3ec      0x134 ./Middlewares/Third_Party/FatFs/src/ff.o
                0x0800a3ec                f_opendir
 .text.f_closedir
                0x0800a520       0x52 ./Middlewares/Third_Party/FatFs/src/ff.o
                0x0800a520                f_closedir
 *fill*         0x0800a572        0x2 
 .text.f_readdir
                0x0800a574       0xa8 ./Middlewares/Third_Party/FatFs/src/ff.o
                0x0800a574                f_readdir
 .text.f_gets   0x0800a61c       0x7c ./Middlewares/Third_Party/FatFs/src/ff.o
                0x0800a61c                f_gets
 .text.FATFS_LinkDriverEx
                0x0800a698       0x94 ./Middlewares/Third_Party/FatFs/src/ff_gen_drv.o
                0x0800a698                FATFS_LinkDriverEx
 .text.FATFS_LinkDriver
                0x0800a72c       0x1e ./Middlewares/Third_Party/FatFs/src/ff_gen_drv.o
                0x0800a72c                FATFS_LinkDriver
 *fill*         0x0800a74a        0x2 
 .text.ff_convert
                0x0800a74c       0x74 ./Middlewares/Third_Party/FatFs/src/option/ccsbcs.o
                0x0800a74c                ff_convert
 .text.ff_wtoupper
                0x0800a7c0       0x5c ./Middlewares/Third_Party/FatFs/src/option/ccsbcs.o
                0x0800a7c0                ff_wtoupper
 .text.std      0x0800a81c       0x6c C:/ST/STM32CubeIDE_1.19.0/STM32CubeIDE/plugins/com.st.stm32cube.ide.mcu.externaltools.gnu-tools-for-stm32.13.3.rel1.win32_1.0.0.202411081344/tools/bin/../lib/gcc/arm-none-eabi/13.3.1/../../../../arm-none-eabi/lib/thumb/v7-m/nofp\libc_nano.a(libc_a-findfp.o)
 .text.stdio_exit_handler
                0x0800a888       0x18 C:/ST/STM32CubeIDE_1.19.0/STM32CubeIDE/plugins/com.st.stm32cube.ide.mcu.externaltools.gnu-tools-for-stm32.13.3.rel1.win32_1.0.0.202411081344/tools/bin/../lib/gcc/arm-none-eabi/13.3.1/../../../../arm-none-eabi/lib/thumb/v7-m/nofp\libc_nano.a(libc_a-findfp.o)
 .text.cleanup_stdio
                0x0800a8a0       0x40 C:/ST/STM32CubeIDE_1.19.0/STM32CubeIDE/plugins/com.st.stm32cube.ide.mcu.externaltools.gnu-tools-for-stm32.13.3.rel1.win32_1.0.0.202411081344/tools/bin/../lib/gcc/arm-none-eabi/13.3.1/../../../../arm-none-eabi/lib/thumb/v7-m/nofp\libc_nano.a(libc_a-findfp.o)
 .text.global_stdio_init.part.0
                0x0800a8e0       0x3c C:/ST/STM32CubeIDE_1.19.0/STM32CubeIDE/plugins/com.st.stm32cube.ide.mcu.externaltools.gnu-tools-for-stm32.13.3.rel1.win32_1.0.0.202411081344/tools/bin/../lib/gcc/arm-none-eabi/13.3.1/../../../../arm-none-eabi/lib/thumb/v7-m/nofp\libc_nano.a(libc_a-findfp.o)
 .text.__sfp_lock_acquire
                0x0800a91c        0xc C:/ST/STM32CubeIDE_1.19.0/STM32CubeIDE/plugins/com.st.stm32cube.ide.mcu.externaltools.gnu-tools-for-stm32.13.3.rel1.win32_1.0.0.202411081344/tools/bin/../lib/gcc/arm-none-eabi/13.3.1/../../../../arm-none-eabi/lib/thumb/v7-m/nofp\libc_nano.a(libc_a-findfp.o)
                0x0800a91c                __sfp_lock_acquire
 .text.__sfp_lock_release
                0x0800a928        0xc C:/ST/STM32CubeIDE_1.19.0/STM32CubeIDE/plugins/com.st.stm32cube.ide.mcu.externaltools.gnu-tools-for-stm32.13.3.rel1.win32_1.0.0.202411081344/tools/bin/../lib/gcc/arm-none-eabi/13.3.1/../../../../arm-none-eabi/lib/thumb/v7-m/nofp\libc_nano.a(libc_a-findfp.o)
                0x0800a928                __sfp_lock_release
 .text.__sinit  0x0800a934       0x30 C:/ST/STM32CubeIDE_1.19.0/STM32CubeIDE/plugins/com.st.stm32cube.ide.mcu.externaltools.gnu-tools-for-stm32.13.3.rel1.win32_1.0.0.202411081344/tools/bin/../lib/gcc/arm-none-eabi/13.3.1/../../../../arm-none-eabi/lib/thumb/v7-m/nofp\libc_nano.a(libc_a-findfp.o)
                0x0800a934                __sinit
 .text._fwalk_sglue
                0x0800a964       0x3c C:/ST/STM32CubeIDE_1.19.0/STM32CubeIDE/plugins/com.st.stm32cube.ide.mcu.externaltools.gnu-tools-for-stm32.13.3.rel1.win32_1.0.0.202411081344/tools/bin/../lib/gcc/arm-none-eabi/13.3.1/../../../../arm-none-eabi/lib/thumb/v7-m/nofp\libc_nano.a(libc_a-fwalk.o)
                0x0800a964                _fwalk_sglue
 .text.printf   0x0800a9a0       0x24 C:/ST/STM32CubeIDE_1.19.0/STM32CubeIDE/plugins/com.st.stm32cube.ide.mcu.externaltools.gnu-tools-for-stm32.13.3.rel1.win32_1.0.0.202411081344/tools/bin/../lib/gcc/arm-none-eabi/13.3.1/../../../../arm-none-eabi/lib/thumb/v7-m/nofp\libc_nano.a(libc_a-printf.o)
                0x0800a9a0                iprintf
                0x0800a9a0                printf
 .text._puts_r  0x0800a9c4       0xaa C:/ST/STM32CubeIDE_1.19.0/STM32CubeIDE/plugins/com.st.stm32cube.ide.mcu.externaltools.gnu-tools-for-stm32.13.3.rel1.win32_1.0.0.202411081344/tools/bin/../lib/gcc/arm-none-eabi/13.3.1/../../../../arm-none-eabi/lib/thumb/v7-m/nofp\libc_nano.a(libc_a-puts.o)
                0x0800a9c4                _puts_r
 *fill*         0x0800aa6e        0x2 
 .text.puts     0x0800aa70       0x10 C:/ST/STM32CubeIDE_1.19.0/STM32CubeIDE/plugins/com.st.stm32cube.ide.mcu.externaltools.gnu-tools-for-stm32.13.3.rel1.win32_1.0.0.202411081344/tools/bin/../lib/gcc/arm-none-eabi/13.3.1/../../../../arm-none-eabi/lib/thumb/v7-m/nofp\libc_nano.a(libc_a-puts.o)
                0x0800aa70                puts
 .text.snprintf
                0x0800aa80       0x6c C:/ST/STM32CubeIDE_1.19.0/STM32CubeIDE/plugins/com.st.stm32cube.ide.mcu.externaltools.gnu-tools-for-stm32.13.3.rel1.win32_1.0.0.202411081344/tools/bin/../lib/gcc/arm-none-eabi/13.3.1/../../../../arm-none-eabi/lib/thumb/v7-m/nofp\libc_nano.a(libc_a-snprintf.o)
                0x0800aa80                sniprintf
                0x0800aa80                snprintf
 .text.sscanf   0x0800aaec       0x58 C:/ST/STM32CubeIDE_1.19.0/STM32CubeIDE/plugins/com.st.stm32cube.ide.mcu.externaltools.gnu-tools-for-stm32.13.3.rel1.win32_1.0.0.202411081344/tools/bin/../lib/gcc/arm-none-eabi/13.3.1/../../../../arm-none-eabi/lib/thumb/v7-m/nofp\libc_nano.a(libc_a-sscanf.o)
                0x0800aaec                siscanf
                0x0800aaec                sscanf
 .text.__sread  0x0800ab44       0x22 C:/ST/STM32CubeIDE_1.19.0/STM32CubeIDE/plugins/com.st.stm32cube.ide.mcu.externaltools.gnu-tools-for-stm32.13.3.rel1.win32_1.0.0.202411081344/tools/bin/../lib/gcc/arm-none-eabi/13.3.1/../../../../arm-none-eabi/lib/thumb/v7-m/nofp\libc_nano.a(libc_a-stdio.o)
                0x0800ab44                __sread
 .text.__seofread
                0x0800ab66        0x4 C:/ST/STM32CubeIDE_1.19.0/STM32CubeIDE/plugins/com.st.stm32cube.ide.mcu.externaltools.gnu-tools-for-stm32.13.3.rel1.win32_1.0.0.202411081344/tools/bin/../lib/gcc/arm-none-eabi/13.3.1/../../../../arm-none-eabi/lib/thumb/v7-m/nofp\libc_nano.a(libc_a-stdio.o)
                0x0800ab66                __seofread
 .text.__swrite
                0x0800ab6a       0x38 C:/ST/STM32CubeIDE_1.19.0/STM32CubeIDE/plugins/com.st.stm32cube.ide.mcu.externaltools.gnu-tools-for-stm32.13.3.rel1.win32_1.0.0.202411081344/tools/bin/../lib/gcc/arm-none-eabi/13.3.1/../../../../arm-none-eabi/lib/thumb/v7-m/nofp\libc_nano.a(libc_a-stdio.o)
                0x0800ab6a                __swrite
 .text.__sseek  0x0800aba2       0x24 C:/ST/STM32CubeIDE_1.19.0/STM32CubeIDE/plugins/com.st.stm32cube.ide.mcu.externaltools.gnu-tools-for-stm32.13.3.rel1.win32_1.0.0.202411081344/tools/bin/../lib/gcc/arm-none-eabi/13.3.1/../../../../arm-none-eabi/lib/thumb/v7-m/nofp\libc_nano.a(libc_a-stdio.o)
                0x0800aba2                __sseek
 .text.__sclose
                0x0800abc6        0x8 C:/ST/STM32CubeIDE_1.19.0/STM32CubeIDE/plugins/com.st.stm32cube.ide.mcu.externaltools.gnu-tools-for-stm32.13.3.rel1.win32_1.0.0.202411081344/tools/bin/../lib/gcc/arm-none-eabi/13.3.1/../../../../arm-none-eabi/lib/thumb/v7-m/nofp\libc_nano.a(libc_a-stdio.o)
                0x0800abc6                __sclose
 .text.__swbuf_r
                0x0800abce       0x7c C:/ST/STM32CubeIDE_1.19.0/STM32CubeIDE/plugins/com.st.stm32cube.ide.mcu.externaltools.gnu-tools-for-stm32.13.3.rel1.win32_1.0.0.202411081344/tools/bin/../lib/gcc/arm-none-eabi/13.3.1/../../../../arm-none-eabi/lib/thumb/v7-m/nofp\libc_nano.a(libc_a-wbuf.o)
                0x0800abce                __swbuf_r
 *fill*         0x0800ac4a        0x2 
 .text.__swsetup_r
                0x0800ac4c       0xac C:/ST/STM32CubeIDE_1.19.0/STM32CubeIDE/plugins/com.st.stm32cube.ide.mcu.externaltools.gnu-tools-for-stm32.13.3.rel1.win32_1.0.0.202411081344/tools/bin/../lib/gcc/arm-none-eabi/13.3.1/../../../../arm-none-eabi/lib/thumb/v7-m/nofp\libc_nano.a(libc_a-wsetup.o)
                0x0800ac4c                __swsetup_r
 .text.memset   0x0800acf8       0x10 C:/ST/STM32CubeIDE_1.19.0/STM32CubeIDE/plugins/com.st.stm32cube.ide.mcu.externaltools.gnu-tools-for-stm32.13.3.rel1.win32_1.0.0.202411081344/tools/bin/../lib/gcc/arm-none-eabi/13.3.1/../../../../arm-none-eabi/lib/thumb/v7-m/nofp\libc_nano.a(libc_a-memset.o)
                0x0800acf8                memset
 .text.strchr   0x0800ad08       0x1a C:/ST/STM32CubeIDE_1.19.0/STM32CubeIDE/plugins/com.st.stm32cube.ide.mcu.externaltools.gnu-tools-for-stm32.13.3.rel1.win32_1.0.0.202411081344/tools/bin/../lib/gcc/arm-none-eabi/13.3.1/../../../../arm-none-eabi/lib/thumb/v7-m/nofp\libc_nano.a(libc_a-strchr.o)
                0x0800ad08                strchr
 .text.strncpy  0x0800ad22       0x26 C:/ST/STM32CubeIDE_1.19.0/STM32CubeIDE/plugins/com.st.stm32cube.ide.mcu.externaltools.gnu-tools-for-stm32.13.3.rel1.win32_1.0.0.202411081344/tools/bin/../lib/gcc/arm-none-eabi/13.3.1/../../../../arm-none-eabi/lib/thumb/v7-m/nofp\libc_nano.a(libc_a-strncpy.o)
                0x0800ad22                strncpy
 .text._close_r
                0x0800ad48       0x20 C:/ST/STM32CubeIDE_1.19.0/STM32CubeIDE/plugins/com.st.stm32cube.ide.mcu.externaltools.gnu-tools-for-stm32.13.3.rel1.win32_1.0.0.202411081344/tools/bin/../lib/gcc/arm-none-eabi/13.3.1/../../../../arm-none-eabi/lib/thumb/v7-m/nofp\libc_nano.a(libc_a-closer.o)
                0x0800ad48                _close_r
 .text._lseek_r
                0x0800ad68       0x24 C:/ST/STM32CubeIDE_1.19.0/STM32CubeIDE/plugins/com.st.stm32cube.ide.mcu.externaltools.gnu-tools-for-stm32.13.3.rel1.win32_1.0.0.202411081344/tools/bin/../lib/gcc/arm-none-eabi/13.3.1/../../../../arm-none-eabi/lib/thumb/v7-m/nofp\libc_nano.a(libc_a-lseekr.o)
                0x0800ad68                _lseek_r
 .text._read_r  0x0800ad8c       0x24 C:/ST/STM32CubeIDE_1.19.0/STM32CubeIDE/plugins/com.st.stm32cube.ide.mcu.externaltools.gnu-tools-for-stm32.13.3.rel1.win32_1.0.0.202411081344/tools/bin/../lib/gcc/arm-none-eabi/13.3.1/../../../../arm-none-eabi/lib/thumb/v7-m/nofp\libc_nano.a(libc_a-readr.o)
                0x0800ad8c                _read_r
 .text._write_r
                0x0800adb0       0x24 C:/ST/STM32CubeIDE_1.19.0/STM32CubeIDE/plugins/com.st.stm32cube.ide.mcu.externaltools.gnu-tools-for-stm32.13.3.rel1.win32_1.0.0.202411081344/tools/bin/../lib/gcc/arm-none-eabi/13.3.1/../../../../arm-none-eabi/lib/thumb/v7-m/nofp\libc_nano.a(libc_a-writer.o)
                0x0800adb0                _write_r
 .text.__errno  0x0800add4        0xc C:/ST/STM32CubeIDE_1.19.0/STM32CubeIDE/plugins/com.st.stm32cube.ide.mcu.externaltools.gnu-tools-for-stm32.13.3.rel1.win32_1.0.0.202411081344/tools/bin/../lib/gcc/arm-none-eabi/13.3.1/../../../../arm-none-eabi/lib/thumb/v7-m/nofp\libc_nano.a(libc_a-errno.o)
                0x0800add4                __errno
 .text.__libc_init_array
                0x0800ade0       0x48 C:/ST/STM32CubeIDE_1.19.0/STM32CubeIDE/plugins/com.st.stm32cube.ide.mcu.externaltools.gnu-tools-for-stm32.13.3.rel1.win32_1.0.0.202411081344/tools/bin/../lib/gcc/arm-none-eabi/13.3.1/../../../../arm-none-eabi/lib/thumb/v7-m/nofp\libc_nano.a(libc_a-init.o)
                0x0800ade0                __libc_init_array
 .text.__retarget_lock_init_recursive
                0x0800ae28        0x2 C:/ST/STM32CubeIDE_1.19.0/STM32CubeIDE/plugins/com.st.stm32cube.ide.mcu.externaltools.gnu-tools-for-stm32.13.3.rel1.win32_1.0.0.202411081344/tools/bin/../lib/gcc/arm-none-eabi/13.3.1/../../../../arm-none-eabi/lib/thumb/v7-m/nofp\libc_nano.a(libc_a-lock.o)
                0x0800ae28                __retarget_lock_init_recursive
 .text.__retarget_lock_acquire_recursive
                0x0800ae2a        0x2 C:/ST/STM32CubeIDE_1.19.0/STM32CubeIDE/plugins/com.st.stm32cube.ide.mcu.externaltools.gnu-tools-for-stm32.13.3.rel1.win32_1.0.0.202411081344/tools/bin/../lib/gcc/arm-none-eabi/13.3.1/../../../../arm-none-eabi/lib/thumb/v7-m/nofp\libc_nano.a(libc_a-lock.o)
                0x0800ae2a                __retarget_lock_acquire_recursive
 .text.__retarget_lock_release_recursive
                0x0800ae2c        0x2 C:/ST/STM32CubeIDE_1.19.0/STM32CubeIDE/plugins/com.st.stm32cube.ide.mcu.externaltools.gnu-tools-for-stm32.13.3.rel1.win32_1.0.0.202411081344/tools/bin/../lib/gcc/arm-none-eabi/13.3.1/../../../../arm-none-eabi/lib/thumb/v7-m/nofp\libc_nano.a(libc_a-lock.o)
                0x0800ae2c                __retarget_lock_release_recursive
 *fill*         0x0800ae2e        0x2 
 .text._free_r  0x0800ae30       0x90 C:/ST/STM32CubeIDE_1.19.0/STM32CubeIDE/plugins/com.st.stm32cube.ide.mcu.externaltools.gnu-tools-for-stm32.13.3.rel1.win32_1.0.0.202411081344/tools/bin/../lib/gcc/arm-none-eabi/13.3.1/../../../../arm-none-eabi/lib/thumb/v7-m/nofp\libc_nano.a(libc_a-freer.o)
                0x0800ae30                _free_r
 .text.sbrk_aligned
                0x0800aec0       0x44 C:/ST/STM32CubeIDE_1.19.0/STM32CubeIDE/plugins/com.st.stm32cube.ide.mcu.externaltools.gnu-tools-for-stm32.13.3.rel1.win32_1.0.0.202411081344/tools/bin/../lib/gcc/arm-none-eabi/13.3.1/../../../../arm-none-eabi/lib/thumb/v7-m/nofp\libc_nano.a(libc_a-mallocr.o)
 .text._malloc_r
                0x0800af04      0x100 C:/ST/STM32CubeIDE_1.19.0/STM32CubeIDE/plugins/com.st.stm32cube.ide.mcu.externaltools.gnu-tools-for-stm32.13.3.rel1.win32_1.0.0.202411081344/tools/bin/../lib/gcc/arm-none-eabi/13.3.1/../../../../arm-none-eabi/lib/thumb/v7-m/nofp\libc_nano.a(libc_a-mallocr.o)
                0x0800af04                _malloc_r
 .text.__malloc_lock
                0x0800b004        0xc C:/ST/STM32CubeIDE_1.19.0/STM32CubeIDE/plugins/com.st.stm32cube.ide.mcu.externaltools.gnu-tools-for-stm32.13.3.rel1.win32_1.0.0.202411081344/tools/bin/../lib/gcc/arm-none-eabi/13.3.1/../../../../arm-none-eabi/lib/thumb/v7-m/nofp\libc_nano.a(libc_a-mlock.o)
                0x0800b004                __malloc_lock
 .text.__malloc_unlock
                0x0800b010        0xc C:/ST/STM32CubeIDE_1.19.0/STM32CubeIDE/plugins/com.st.stm32cube.ide.mcu.externaltools.gnu-tools-for-stm32.13.3.rel1.win32_1.0.0.202411081344/tools/bin/../lib/gcc/arm-none-eabi/13.3.1/../../../../arm-none-eabi/lib/thumb/v7-m/nofp\libc_nano.a(libc_a-mlock.o)
                0x0800b010                __malloc_unlock
 .text.__ssputs_r
                0x0800b01c       0xb6 C:/ST/STM32CubeIDE_1.19.0/STM32CubeIDE/plugins/com.st.stm32cube.ide.mcu.externaltools.gnu-tools-for-stm32.13.3.rel1.win32_1.0.0.202411081344/tools/bin/../lib/gcc/arm-none-eabi/13.3.1/../../../../arm-none-eabi/lib/thumb/v7-m/nofp\libc_nano.a(libc_a-nano-svfprintf.o)
                0x0800b01c                __ssputs_r
 *fill*         0x0800b0d2        0x2 
 .text._svfprintf_r
                0x0800b0d4      0x1f8 C:/ST/STM32CubeIDE_1.19.0/STM32CubeIDE/plugins/com.st.stm32cube.ide.mcu.externaltools.gnu-tools-for-stm32.13.3.rel1.win32_1.0.0.202411081344/tools/bin/../lib/gcc/arm-none-eabi/13.3.1/../../../../arm-none-eabi/lib/thumb/v7-m/nofp\libc_nano.a(libc_a-nano-svfprintf.o)
                0x0800b0d4                _svfiprintf_r
                0x0800b0d4                _svfprintf_r
 .text._sungetc_r
                0x0800b2cc       0x7a C:/ST/STM32CubeIDE_1.19.0/STM32CubeIDE/plugins/com.st.stm32cube.ide.mcu.externaltools.gnu-tools-for-stm32.13.3.rel1.win32_1.0.0.202411081344/tools/bin/../lib/gcc/arm-none-eabi/13.3.1/../../../../arm-none-eabi/lib/thumb/v7-m/nofp\libc_nano.a(libc_a-nano-svfscanf.o)
                0x0800b2cc                _sungetc_r
 .text.__ssrefill_r
                0x0800b346       0x3a C:/ST/STM32CubeIDE_1.19.0/STM32CubeIDE/plugins/com.st.stm32cube.ide.mcu.externaltools.gnu-tools-for-stm32.13.3.rel1.win32_1.0.0.202411081344/tools/bin/../lib/gcc/arm-none-eabi/13.3.1/../../../../arm-none-eabi/lib/thumb/v7-m/nofp\libc_nano.a(libc_a-nano-svfscanf.o)
                0x0800b346                __ssrefill_r
 .text.__ssvfscanf_r
                0x0800b380      0x2e8 C:/ST/STM32CubeIDE_1.19.0/STM32CubeIDE/plugins/com.st.stm32cube.ide.mcu.externaltools.gnu-tools-for-stm32.13.3.rel1.win32_1.0.0.202411081344/tools/bin/../lib/gcc/arm-none-eabi/13.3.1/../../../../arm-none-eabi/lib/thumb/v7-m/nofp\libc_nano.a(libc_a-nano-svfscanf.o)
                0x0800b380                __ssvfiscanf_r
                0x0800b380                __ssvfscanf_r
 .text.__sfputc_r
                0x0800b668       0x2a C:/ST/STM32CubeIDE_1.19.0/STM32CubeIDE/plugins/com.st.stm32cube.ide.mcu.externaltools.gnu-tools-for-stm32.13.3.rel1.win32_1.0.0.202411081344/tools/bin/../lib/gcc/arm-none-eabi/13.3.1/../../../../arm-none-eabi/lib/thumb/v7-m/nofp\libc_nano.a(libc_a-nano-vfprintf.o)
 .text.__sfputs_r
                0x0800b692       0x24 C:/ST/STM32CubeIDE_1.19.0/STM32CubeIDE/plugins/com.st.stm32cube.ide.mcu.externaltools.gnu-tools-for-stm32.13.3.rel1.win32_1.0.0.202411081344/tools/bin/../lib/gcc/arm-none-eabi/13.3.1/../../../../arm-none-eabi/lib/thumb/v7-m/nofp\libc_nano.a(libc_a-nano-vfprintf.o)
                0x0800b692                __sfputs_r
 *fill*         0x0800b6b6        0x2 
 .text._vfprintf_r
                0x0800b6b8      0x230 C:/ST/STM32CubeIDE_1.19.0/STM32CubeIDE/plugins/com.st.stm32cube.ide.mcu.externaltools.gnu-tools-for-stm32.13.3.rel1.win32_1.0.0.202411081344/tools/bin/../lib/gcc/arm-none-eabi/13.3.1/../../../../arm-none-eabi/lib/thumb/v7-m/nofp\libc_nano.a(libc_a-nano-vfprintf.o)
                0x0800b6b8                _vfprintf_r
                0x0800b6b8                _vfiprintf_r
 .text._printf_common
                0x0800b8e8       0xe4 C:/ST/STM32CubeIDE_1.19.0/STM32CubeIDE/plugins/com.st.stm32cube.ide.mcu.externaltools.gnu-tools-for-stm32.13.3.rel1.win32_1.0.0.202411081344/tools/bin/../lib/gcc/arm-none-eabi/13.3.1/../../../../arm-none-eabi/lib/thumb/v7-m/nofp\libc_nano.a(libc_a-nano-vfprintf_i.o)
                0x0800b8e8                _printf_common
 .text._printf_i
                0x0800b9cc      0x23c C:/ST/STM32CubeIDE_1.19.0/STM32CubeIDE/plugins/com.st.stm32cube.ide.mcu.externaltools.gnu-tools-for-stm32.13.3.rel1.win32_1.0.0.202411081344/tools/bin/../lib/gcc/arm-none-eabi/13.3.1/../../../../arm-none-eabi/lib/thumb/v7-m/nofp\libc_nano.a(libc_a-nano-vfprintf_i.o)
                0x0800b9cc                _printf_i
 .text._scanf_chars
                0x0800bc08       0xb4 C:/ST/STM32CubeIDE_1.19.0/STM32CubeIDE/plugins/com.st.stm32cube.ide.mcu.externaltools.gnu-tools-for-stm32.13.3.rel1.win32_1.0.0.202411081344/tools/bin/../lib/gcc/arm-none-eabi/13.3.1/../../../../arm-none-eabi/lib/thumb/v7-m/nofp\libc_nano.a(libc_a-nano-vfscanf_i.o)
                0x0800bc08                _scanf_chars
 .text._scanf_i
                0x0800bcbc      0x1e4 C:/ST/STM32CubeIDE_1.19.0/STM32CubeIDE/plugins/com.st.stm32cube.ide.mcu.externaltools.gnu-tools-for-stm32.13.3.rel1.win32_1.0.0.202411081344/tools/bin/../lib/gcc/arm-none-eabi/13.3.1/../../../../arm-none-eabi/lib/thumb/v7-m/nofp\libc_nano.a(libc_a-nano-vfscanf_i.o)
                0x0800bcbc                _scanf_i
 .text.__sflush_r
                0x0800bea0      0x100 C:/ST/STM32CubeIDE_1.19.0/STM32CubeIDE/plugins/com.st.stm32cube.ide.mcu.externaltools.gnu-tools-for-stm32.13.3.rel1.win32_1.0.0.202411081344/tools/bin/../lib/gcc/arm-none-eabi/13.3.1/../../../../arm-none-eabi/lib/thumb/v7-m/nofp\libc_nano.a(libc_a-fflush.o)
                0x0800bea0                __sflush_r
 .text._fflush_r
                0x0800bfa0       0x50 C:/ST/STM32CubeIDE_1.19.0/STM32CubeIDE/plugins/com.st.stm32cube.ide.mcu.externaltools.gnu-tools-for-stm32.13.3.rel1.win32_1.0.0.202411081344/tools/bin/../lib/gcc/arm-none-eabi/13.3.1/../../../../arm-none-eabi/lib/thumb/v7-m/nofp\libc_nano.a(libc_a-fflush.o)
                0x0800bfa0                _fflush_r
 .text.__swhatbuf_r
                0x0800bff0       0x4a C:/ST/STM32CubeIDE_1.19.0/STM32CubeIDE/plugins/com.st.stm32cube.ide.mcu.externaltools.gnu-tools-for-stm32.13.3.rel1.win32_1.0.0.202411081344/tools/bin/../lib/gcc/arm-none-eabi/13.3.1/../../../../arm-none-eabi/lib/thumb/v7-m/nofp\libc_nano.a(libc_a-makebuf.o)
                0x0800bff0                __swhatbuf_r
 .text.__smakebuf_r
                0x0800c03a       0x78 C:/ST/STM32CubeIDE_1.19.0/STM32CubeIDE/plugins/com.st.stm32cube.ide.mcu.externaltools.gnu-tools-for-stm32.13.3.rel1.win32_1.0.0.202411081344/tools/bin/../lib/gcc/arm-none-eabi/13.3.1/../../../../arm-none-eabi/lib/thumb/v7-m/nofp\libc_nano.a(libc_a-makebuf.o)
                0x0800c03a                __smakebuf_r
 .text.__sccl   0x0800c0b2       0x72 C:/ST/STM32CubeIDE_1.19.0/STM32CubeIDE/plugins/com.st.stm32cube.ide.mcu.externaltools.gnu-tools-for-stm32.13.3.rel1.win32_1.0.0.202411081344/tools/bin/../lib/gcc/arm-none-eabi/13.3.1/../../../../arm-none-eabi/lib/thumb/v7-m/nofp\libc_nano.a(libc_a-sccl.o)
                0x0800c0b2                __sccl
 .text.__submore
                0x0800c124       0x70 C:/ST/STM32CubeIDE_1.19.0/STM32CubeIDE/plugins/com.st.stm32cube.ide.mcu.externaltools.gnu-tools-for-stm32.13.3.rel1.win32_1.0.0.202411081344/tools/bin/../lib/gcc/arm-none-eabi/13.3.1/../../../../arm-none-eabi/lib/thumb/v7-m/nofp\libc_nano.a(libc_a-ungetc.o)
                0x0800c124                __submore
 .text.memmove  0x0800c194       0x34 C:/ST/STM32CubeIDE_1.19.0/STM32CubeIDE/plugins/com.st.stm32cube.ide.mcu.externaltools.gnu-tools-for-stm32.13.3.rel1.win32_1.0.0.202411081344/tools/bin/../lib/gcc/arm-none-eabi/13.3.1/../../../../arm-none-eabi/lib/thumb/v7-m/nofp\libc_nano.a(libc_a-memmove.o)
                0x0800c194                memmove
 .text._fstat_r
                0x0800c1c8       0x24 C:/ST/STM32CubeIDE_1.19.0/STM32CubeIDE/plugins/com.st.stm32cube.ide.mcu.externaltools.gnu-tools-for-stm32.13.3.rel1.win32_1.0.0.202411081344/tools/bin/../lib/gcc/arm-none-eabi/13.3.1/../../../../arm-none-eabi/lib/thumb/v7-m/nofp\libc_nano.a(libc_a-fstatr.o)
                0x0800c1c8                _fstat_r
 .text._isatty_r
                0x0800c1ec       0x20 C:/ST/STM32CubeIDE_1.19.0/STM32CubeIDE/plugins/com.st.stm32cube.ide.mcu.externaltools.gnu-tools-for-stm32.13.3.rel1.win32_1.0.0.202411081344/tools/bin/../lib/gcc/arm-none-eabi/13.3.1/../../../../arm-none-eabi/lib/thumb/v7-m/nofp\libc_nano.a(libc_a-isattyr.o)
                0x0800c1ec                _isatty_r
 .text._sbrk_r  0x0800c20c       0x20 C:/ST/STM32CubeIDE_1.19.0/STM32CubeIDE/plugins/com.st.stm32cube.ide.mcu.externaltools.gnu-tools-for-stm32.13.3.rel1.win32_1.0.0.202411081344/tools/bin/../lib/gcc/arm-none-eabi/13.3.1/../../../../arm-none-eabi/lib/thumb/v7-m/nofp\libc_nano.a(libc_a-sbrkr.o)
                0x0800c20c                _sbrk_r
 .text.memchr   0x0800c22c       0x1c C:/ST/STM32CubeIDE_1.19.0/STM32CubeIDE/plugins/com.st.stm32cube.ide.mcu.externaltools.gnu-tools-for-stm32.13.3.rel1.win32_1.0.0.202411081344/tools/bin/../lib/gcc/arm-none-eabi/13.3.1/../../../../arm-none-eabi/lib/thumb/v7-m/nofp\libc_nano.a(libc_a-memchr-stub.o)
                0x0800c22c                memchr
 .text.memcpy   0x0800c248       0x1c C:/ST/STM32CubeIDE_1.19.0/STM32CubeIDE/plugins/com.st.stm32cube.ide.mcu.externaltools.gnu-tools-for-stm32.13.3.rel1.win32_1.0.0.202411081344/tools/bin/../lib/gcc/arm-none-eabi/13.3.1/../../../../arm-none-eabi/lib/thumb/v7-m/nofp\libc_nano.a(libc_a-memcpy-stub.o)
                0x0800c248                memcpy
 .text._realloc_r
                0x0800c264       0x5c C:/ST/STM32CubeIDE_1.19.0/STM32CubeIDE/plugins/com.st.stm32cube.ide.mcu.externaltools.gnu-tools-for-stm32.13.3.rel1.win32_1.0.0.202411081344/tools/bin/../lib/gcc/arm-none-eabi/13.3.1/../../../../arm-none-eabi/lib/thumb/v7-m/nofp\libc_nano.a(libc_a-reallocr.o)
                0x0800c264                _realloc_r
 .text._strtol_l.isra.0
                0x0800c2c0       0xf4 C:/ST/STM32CubeIDE_1.19.0/STM32CubeIDE/plugins/com.st.stm32cube.ide.mcu.externaltools.gnu-tools-for-stm32.13.3.rel1.win32_1.0.0.202411081344/tools/bin/../lib/gcc/arm-none-eabi/13.3.1/../../../../arm-none-eabi/lib/thumb/v7-m/nofp\libc_nano.a(libc_a-strtol.o)
 .text._strtol_r
                0x0800c3b4        0x4 C:/ST/STM32CubeIDE_1.19.0/STM32CubeIDE/plugins/com.st.stm32cube.ide.mcu.externaltools.gnu-tools-for-stm32.13.3.rel1.win32_1.0.0.202411081344/tools/bin/../lib/gcc/arm-none-eabi/13.3.1/../../../../arm-none-eabi/lib/thumb/v7-m/nofp\libc_nano.a(libc_a-strtol.o)
                0x0800c3b4                _strtol_r
 .text._strtoul_l.isra.0
                0x0800c3b8       0xdc C:/ST/STM32CubeIDE_1.19.0/STM32CubeIDE/plugins/com.st.stm32cube.ide.mcu.externaltools.gnu-tools-for-stm32.13.3.rel1.win32_1.0.0.202411081344/tools/bin/../lib/gcc/arm-none-eabi/13.3.1/../../../../arm-none-eabi/lib/thumb/v7-m/nofp\libc_nano.a(libc_a-strtoul.o)
 .text._strtoul_r
                0x0800c494        0x4 C:/ST/STM32CubeIDE_1.19.0/STM32CubeIDE/plugins/com.st.stm32cube.ide.mcu.externaltools.gnu-tools-for-stm32.13.3.rel1.win32_1.0.0.202411081344/tools/bin/../lib/gcc/arm-none-eabi/13.3.1/../../../../arm-none-eabi/lib/thumb/v7-m/nofp\libc_nano.a(libc_a-strtoul.o)
                0x0800c494                _strtoul_r
 .text._malloc_usable_size_r
                0x0800c498       0x10 C:/ST/STM32CubeIDE_1.19.0/STM32CubeIDE/plugins/com.st.stm32cube.ide.mcu.externaltools.gnu-tools-for-stm32.13.3.rel1.win32_1.0.0.202411081344/tools/bin/../lib/gcc/arm-none-eabi/13.3.1/../../../../arm-none-eabi/lib/thumb/v7-m/nofp\libc_nano.a(libc_a-msizer.o)
                0x0800c498                _malloc_usable_size_r
 *(.glue_7)
 .glue_7        0x0800c4a8        0x0 linker stubs
 *(.glue_7t)
 .glue_7t       0x0800c4a8        0x0 linker stubs
 *(.eh_frame)
 .eh_frame      0x0800c4a8        0x0 C:/ST/STM32CubeIDE_1.19.0/STM32CubeIDE/plugins/com.st.stm32cube.ide.mcu.externaltools.gnu-tools-for-stm32.13.3.rel1.win32_1.0.0.202411081344/tools/bin/../lib/gcc/arm-none-eabi/13.3.1/thumb/v7-m/nofp/crtbegin.o
 *(.init)
 .init          0x0800c4a8        0x4 C:/ST/STM32CubeIDE_1.19.0/STM32CubeIDE/plugins/com.st.stm32cube.ide.mcu.externaltools.gnu-tools-for-stm32.13.3.rel1.win32_1.0.0.202411081344/tools/bin/../lib/gcc/arm-none-eabi/13.3.1/thumb/v7-m/nofp/crti.o
                0x0800c4a8                _init
 .init          0x0800c4ac        0x8 C:/ST/STM32CubeIDE_1.19.0/STM32CubeIDE/plugins/com.st.stm32cube.ide.mcu.externaltools.gnu-tools-for-stm32.13.3.rel1.win32_1.0.0.202411081344/tools/bin/../lib/gcc/arm-none-eabi/13.3.1/thumb/v7-m/nofp/crtn.o
 *(.fini)
 .fini          0x0800c4b4        0x4 C:/ST/STM32CubeIDE_1.19.0/STM32CubeIDE/plugins/com.st.stm32cube.ide.mcu.externaltools.gnu-tools-for-stm32.13.3.rel1.win32_1.0.0.202411081344/tools/bin/../lib/gcc/arm-none-eabi/13.3.1/thumb/v7-m/nofp/crti.o
                0x0800c4b4                _fini
 .fini          0x0800c4b8        0x8 C:/ST/STM32CubeIDE_1.19.0/STM32CubeIDE/plugins/com.st.stm32cube.ide.mcu.externaltools.gnu-tools-for-stm32.13.3.rel1.win32_1.0.0.202411081344/tools/bin/../lib/gcc/arm-none-eabi/13.3.1/thumb/v7-m/nofp/crtn.o
                0x0800c4c0                        . = ALIGN (0x4)
                0x0800c4c0                        _etext = .

.vfp11_veneer   0x0800c4c0        0x0
 .vfp11_veneer  0x0800c4c0        0x0 linker stubs

.v4_bx          0x0800c4c0        0x0
 .v4_bx         0x0800c4c0        0x0 linker stubs

.iplt           0x0800c4c0        0x0
 .iplt          0x0800c4c0        0x0 C:/ST/STM32CubeIDE_1.19.0/STM32CubeIDE/plugins/com.st.stm32cube.ide.mcu.externaltools.gnu-tools-for-stm32.13.3.rel1.win32_1.0.0.202411081344/tools/bin/../lib/gcc/arm-none-eabi/13.3.1/thumb/v7-m/nofp/crtbegin.o

.rodata         0x0800c4c0     0x1458
                0x0800c4c0                        . = ALIGN (0x4)
 *(.rodata)
 .rodata        0x0800c4c0      0x10b ./Core/Src/main.o
 *fill*         0x0800c5cb        0x1 
 .rodata        0x0800c5cc       0x48 ./Middlewares/Third_Party/FatFs/src/ff.o
 .rodata        0x0800c614        0xc C:/ST/STM32CubeIDE_1.19.0/STM32CubeIDE/plugins/com.st.stm32cube.ide.mcu.externaltools.gnu-tools-for-stm32.13.3.rel1.win32_1.0.0.202411081344/tools/bin/../lib/gcc/arm-none-eabi/13.3.1/../../../../arm-none-eabi/lib/thumb/v7-m/nofp\libc_nano.a(libc_a-nano-vfscanf_i.o)
 *(.rodata*)
 .rodata.Font7x10
                0x0800c620      0x76c ./Core/Src/fonts.o
                0x0800c620                Font7x10
 .rodata.zembatka2_map
                0x0800cd8c      0x15e ./Core/Src/main.o
                0x0800cd8c                zembatka2_map
 *fill*         0x0800ceea        0x2 
 .rodata.olowek_map
                0x0800ceec      0x15e ./Core/Src/main.o
                0x0800ceec                olowek_map
 *fill*         0x0800d04a        0x2 
 .rodata.pluto_map
                0x0800d04c      0x200 ./Core/Src/main.o
                0x0800d04c                pluto_map
 .rodata.AHBPrescTable
                0x0800d24c       0x10 ./Core/Src/system_stm32f1xx.o
                0x0800d24c                AHBPrescTable
 .rodata.APBPrescTable
                0x0800d25c        0x8 ./Core/Src/system_stm32f1xx.o
                0x0800d25c                APBPrescTable
 .rodata.aPLLMULFactorTable.1
                0x0800d264       0x10 ./Drivers/STM32F1xx_HAL_Driver/Src/stm32f1xx_hal_rcc.o
 .rodata.aPredivFactorTable.0
                0x0800d274        0x2 ./Drivers/STM32F1xx_HAL_Driver/Src/stm32f1xx_hal_rcc.o
 *fill*         0x0800d276        0x2 
 .rodata.ExCvt  0x0800d278       0x80 ./Middlewares/Third_Party/FatFs/src/ff.o
 .rodata.LfnOfs
                0x0800d2f8        0xd ./Middlewares/Third_Party/FatFs/src/ff.o
 *fill*         0x0800d305        0x3 
 .rodata.Tbl    0x0800d308      0x100 ./Middlewares/Third_Party/FatFs/src/option/ccsbcs.o
 .rodata.tbl_lower.1
                0x0800d408      0x1e0 ./Middlewares/Third_Party/FatFs/src/option/ccsbcs.o
 .rodata.tbl_upper.0
                0x0800d5e8      0x1e0 ./Middlewares/Third_Party/FatFs/src/option/ccsbcs.o
 .rodata._svfprintf_r.str1.1
                0x0800d7c8       0x4e C:/ST/STM32CubeIDE_1.19.0/STM32CubeIDE/plugins/com.st.stm32cube.ide.mcu.externaltools.gnu-tools-for-stm32.13.3.rel1.win32_1.0.0.202411081344/tools/bin/../lib/gcc/arm-none-eabi/13.3.1/../../../../arm-none-eabi/lib/thumb/v7-m/nofp\libc_nano.a(libc_a-nano-svfprintf.o)
                                 0x11 (size before relaxing)
 .rodata.__ssvfscanf_r.str1.1
                0x0800d816        0x4 C:/ST/STM32CubeIDE_1.19.0/STM32CubeIDE/plugins/com.st.stm32cube.ide.mcu.externaltools.gnu-tools-for-stm32.13.3.rel1.win32_1.0.0.202411081344/tools/bin/../lib/gcc/arm-none-eabi/13.3.1/../../../../arm-none-eabi/lib/thumb/v7-m/nofp\libc_nano.a(libc_a-nano-svfscanf.o)
 .rodata._vfprintf_r.str1.1
                0x0800d816       0x11 C:/ST/STM32CubeIDE_1.19.0/STM32CubeIDE/plugins/com.st.stm32cube.ide.mcu.externaltools.gnu-tools-for-stm32.13.3.rel1.win32_1.0.0.202411081344/tools/bin/../lib/gcc/arm-none-eabi/13.3.1/../../../../arm-none-eabi/lib/thumb/v7-m/nofp\libc_nano.a(libc_a-nano-vfprintf.o)
 .rodata._printf_i.str1.1
                0x0800d816       0x22 C:/ST/STM32CubeIDE_1.19.0/STM32CubeIDE/plugins/com.st.stm32cube.ide.mcu.externaltools.gnu-tools-for-stm32.13.3.rel1.win32_1.0.0.202411081344/tools/bin/../lib/gcc/arm-none-eabi/13.3.1/../../../../arm-none-eabi/lib/thumb/v7-m/nofp\libc_nano.a(libc_a-nano-vfprintf_i.o)
 .rodata._scanf_i.str1.1
                0x0800d816       0x12 C:/ST/STM32CubeIDE_1.19.0/STM32CubeIDE/plugins/com.st.stm32cube.ide.mcu.externaltools.gnu-tools-for-stm32.13.3.rel1.win32_1.0.0.202411081344/tools/bin/../lib/gcc/arm-none-eabi/13.3.1/../../../../arm-none-eabi/lib/thumb/v7-m/nofp\libc_nano.a(libc_a-nano-vfscanf_i.o)
 .rodata.str1.1
                0x0800d816        0x9 C:/ST/STM32CubeIDE_1.19.0/STM32CubeIDE/plugins/com.st.stm32cube.ide.mcu.externaltools.gnu-tools-for-stm32.13.3.rel1.win32_1.0.0.202411081344/tools/bin/../lib/gcc/arm-none-eabi/13.3.1/../../../../arm-none-eabi/lib/thumb/v7-m/nofp\libc_nano.a(libc_a-nano-vfscanf_i.o)
 .rodata._ctype_
                0x0800d816      0x101 C:/ST/STM32CubeIDE_1.19.0/STM32CubeIDE/plugins/com.st.stm32cube.ide.mcu.externaltools.gnu-tools-for-stm32.13.3.rel1.win32_1.0.0.202411081344/tools/bin/../lib/gcc/arm-none-eabi/13.3.1/../../../../arm-none-eabi/lib/thumb/v7-m/nofp\libc_nano.a(libc_a-ctype_.o)
                0x0800d816                _ctype_
                0x0800d918                        . = ALIGN (0x4)
 *fill*         0x0800d917        0x1 

.ARM.extab      0x0800d918        0x0
                0x0800d918                        . = ALIGN (0x4)
 *(.ARM.extab* .gnu.linkonce.armextab.*)
                0x0800d918                        . = ALIGN (0x4)

.ARM            0x0800d918        0x8
                0x0800d918                        . = ALIGN (0x4)
                0x0800d918                        __exidx_start = .
 *(.ARM.exidx*)
 .ARM.exidx     0x0800d918        0x8 C:/ST/STM32CubeIDE_1.19.0/STM32CubeIDE/plugins/com.st.stm32cube.ide.mcu.externaltools.gnu-tools-for-stm32.13.3.rel1.win32_1.0.0.202411081344/tools/bin/../lib/gcc/arm-none-eabi/13.3.1/../../../../arm-none-eabi/lib/thumb/v7-m/nofp\libc_nano.a(libc_a-strlen.o)
                0x0800d920                        __exidx_end = .
                0x0800d920                        . = ALIGN (0x4)

.preinit_array  0x0800d920        0x0
                0x0800d920                        . = ALIGN (0x4)
                0x0800d920                        PROVIDE (__preinit_array_start = .)
 *(.preinit_array*)
                0x0800d920                        PROVIDE (__preinit_array_end = .)
                0x0800d920                        . = ALIGN (0x4)

.init_array     0x0800d920        0x4
                0x0800d920                        . = ALIGN (0x4)
                0x0800d920                        PROVIDE (__init_array_start = .)
 *(SORT_BY_NAME(.init_array.*))
 *(.init_array*)
 .init_array    0x0800d920        0x4 C:/ST/STM32CubeIDE_1.19.0/STM32CubeIDE/plugins/com.st.stm32cube.ide.mcu.externaltools.gnu-tools-for-stm32.13.3.rel1.win32_1.0.0.202411081344/tools/bin/../lib/gcc/arm-none-eabi/13.3.1/thumb/v7-m/nofp/crtbegin.o
                0x0800d924                        PROVIDE (__init_array_end = .)
                0x0800d924                        . = ALIGN (0x4)

.fini_array     0x0800d924        0x4
                0x0800d924                        . = ALIGN (0x4)
                [!provide]                        PROVIDE (__fini_array_start = .)
 *(SORT_BY_NAME(.fini_array.*))
 *(.fini_array*)
 .fini_array    0x0800d924        0x4 C:/ST/STM32CubeIDE_1.19.0/STM32CubeIDE/plugins/com.st.stm32cube.ide.mcu.externaltools.gnu-tools-for-stm32.13.3.rel1.win32_1.0.0.202411081344/tools/bin/../lib/gcc/arm-none-eabi/13.3.1/thumb/v7-m/nofp/crtbegin.o
                [!provide]                        PROVIDE (__fini_array_end = .)
                0x0800d928                        . = ALIGN (0x4)
                0x0800d928                        _sidata = LOADADDR (.data)

.rel.dyn        0x0800d928        0x0
 .rel.iplt      0x0800d928        0x0 C:/ST/STM32CubeIDE_1.19.0/STM32CubeIDE/plugins/com.st.stm32cube.ide.mcu.externaltools.gnu-tools-for-stm32.13.3.rel1.win32_1.0.0.202411081344/tools/bin/../lib/gcc/arm-none-eabi/13.3.1/thumb/v7-m/nofp/crtbegin.o

.data           0x20000000       0x8c load address 0x0800d928
                0x20000000                        . = ALIGN (0x4)
                0x20000000                        _sdata = .
 *(.data)
 *(.data*)
 .data.Stat     0x20000000        0x1 ./Core/Src/fatfs_sd_card.o
 *fill*         0x20000001        0x3 
 .data.Font_7x10
                0x20000004        0x8 ./Core/Src/fonts.o
                0x20000004                Font_7x10
 .data.wysokość_ramki
                0x2000000c        0x2 ./Core/Src/main.o
                0x2000000c                wysokość_ramki
 .data.szerokość_ramki
                0x2000000e        0x2 ./Core/Src/main.o
                0x2000000e                szerokość_ramki
 .data.SystemCoreClock
                0x20000010        0x4 ./Core/Src/system_stm32f1xx.o
                0x20000010                SystemCoreClock
 .data.uwTickPrio
                0x20000014        0x4 ./Drivers/STM32F1xx_HAL_Driver/Src/stm32f1xx_hal.o
                0x20000014                uwTickPrio
 .data.uwTickFreq
                0x20000018        0x1 ./Drivers/STM32F1xx_HAL_Driver/Src/stm32f1xx_hal.o
                0x20000018                uwTickFreq
 *fill*         0x20000019        0x3 
 .data.USER_Driver
                0x2000001c       0x14 ./FATFS/Target/user_diskio.o
                0x2000001c                USER_Driver
 .data.__sglue  0x20000030        0xc C:/ST/STM32CubeIDE_1.19.0/STM32CubeIDE/plugins/com.st.stm32cube.ide.mcu.externaltools.gnu-tools-for-stm32.13.3.rel1.win32_1.0.0.202411081344/tools/bin/../lib/gcc/arm-none-eabi/13.3.1/../../../../arm-none-eabi/lib/thumb/v7-m/nofp\libc_nano.a(libc_a-findfp.o)
                0x20000030                __sglue
 .data._impure_ptr
                0x2000003c        0x4 C:/ST/STM32CubeIDE_1.19.0/STM32CubeIDE/plugins/com.st.stm32cube.ide.mcu.externaltools.gnu-tools-for-stm32.13.3.rel1.win32_1.0.0.202411081344/tools/bin/../lib/gcc/arm-none-eabi/13.3.1/../../../../arm-none-eabi/lib/thumb/v7-m/nofp\libc_nano.a(libc_a-impure.o)
                0x2000003c                _impure_ptr
 .data._impure_data
                0x20000040       0x4c C:/ST/STM32CubeIDE_1.19.0/STM32CubeIDE/plugins/com.st.stm32cube.ide.mcu.externaltools.gnu-tools-for-stm32.13.3.rel1.win32_1.0.0.202411081344/tools/bin/../lib/gcc/arm-none-eabi/13.3.1/../../../../arm-none-eabi/lib/thumb/v7-m/nofp\libc_nano.a(libc_a-impure.o)
                0x20000040                _impure_data
 *(.RamFunc)
 *(.RamFunc*)
                0x2000008c                        . = ALIGN (0x4)
                0x2000008c                        _edata = .

.igot.plt       0x2000008c        0x0 load address 0x0800d9b4
 .igot.plt      0x2000008c        0x0 C:/ST/STM32CubeIDE_1.19.0/STM32CubeIDE/plugins/com.st.stm32cube.ide.mcu.externaltools.gnu-tools-for-stm32.13.3.rel1.win32_1.0.0.202411081344/tools/bin/../lib/gcc/arm-none-eabi/13.3.1/thumb/v7-m/nofp/crtbegin.o
                0x2000008c                        . = ALIGN (0x4)

.bss            0x2000008c     0x3ab4 load address 0x0800d9b4
                0x2000008c                        _sbss = .
                0x2000008c                        __bss_start__ = _sbss
 *(.bss)
 .bss           0x2000008c       0x1c C:/ST/STM32CubeIDE_1.19.0/STM32CubeIDE/plugins/com.st.stm32cube.ide.mcu.externaltools.gnu-tools-for-stm32.13.3.rel1.win32_1.0.0.202411081344/tools/bin/../lib/gcc/arm-none-eabi/13.3.1/thumb/v7-m/nofp/crtbegin.o
 *(.bss*)
 .bss.SH1106_Buffer
                0x200000a8      0x420 ./Core/Src/SH1106.o
 .bss.SH1106    0x200004c8        0x6 ./Core/Src/SH1106.o
 .bss.Timer1    0x200004ce        0x2 ./Core/Src/fatfs_sd_card.o
                0x200004ce                Timer1
 .bss.Timer2    0x200004d0        0x2 ./Core/Src/fatfs_sd_card.o
                0x200004d0                Timer2
 .bss.CardType  0x200004d2        0x1 ./Core/Src/fatfs_sd_card.o
 .bss.PowerFlag
                0x200004d3        0x1 ./Core/Src/fatfs_sd_card.o
 .bss.hi2c1     0x200004d4       0x54 ./Core/Src/i2c.o
                0x200004d4                hi2c1
 .bss.X         0x20000528        0x2 ./Core/Src/main.o
                0x20000528                X
 .bss.Y         0x2000052a        0x2 ./Core/Src/main.o
                0x2000052a                Y
 .bss.czy_podniesiony_mazak
                0x2000052c        0x1 ./Core/Src/main.o
                0x2000052c                czy_podniesiony_mazak
 .bss.Stan      0x2000052d        0x1 ./Core/Src/main.o
                0x2000052d                Stan
 .bss.k         0x2000052e        0x1 ./Core/Src/main.o
                0x2000052e                k
 .bss.i         0x2000052f        0x1 ./Core/Src/main.o
                0x2000052f                i
 .bss.filenames
                0x20000530       0x34 ./Core/Src/main.o
                0x20000530                filenames
 .bss.ostatnia_linia_pliku
                0x20000564       0x80 ./Core/Src/main.o
                0x20000564                ostatnia_linia_pliku
 .bss.fs        0x200005e4     0x1030 ./Core/Src/main.o
                0x200005e4                fs
 .bss.dir       0x20001614     0x1028 ./Core/Src/main.o
                0x20001614                dir
 .bss.fno       0x2000263c       0x20 ./Core/Src/main.o
                0x2000263c                fno
 .bss.fil       0x2000265c     0x102c ./Core/Src/main.o
                0x2000265c                fil
 .bss.hspi1     0x20003688       0x58 ./Core/Src/spi.o
                0x20003688                hspi1
 .bss.__sbrk_heap_end
                0x200036e0        0x4 ./Core/Src/sysmem.o
 .bss.htim1     0x200036e4       0x48 ./Core/Src/tim.o
                0x200036e4                htim1
 .bss.htim2     0x2000372c       0x48 ./Core/Src/tim.o
                0x2000372c                htim2
 .bss.htim3     0x20003774       0x48 ./Core/Src/tim.o
                0x20003774                htim3
 .bss.uwTick    0x200037bc        0x4 ./Drivers/STM32F1xx_HAL_Driver/Src/stm32f1xx_hal.o
                0x200037bc                uwTick
 .bss.retUSER   0x200037c0        0x1 ./FATFS/App/fatfs.o
                0x200037c0                retUSER
 *fill*         0x200037c1        0x3 
 .bss.USERPath  0x200037c4        0x4 ./FATFS/App/fatfs.o
                0x200037c4                USERPath
 .bss.FatFs     0x200037c8        0x4 ./Middlewares/Third_Party/FatFs/src/ff.o
 .bss.Fsid      0x200037cc        0x2 ./Middlewares/Third_Party/FatFs/src/ff.o
 *fill*         0x200037ce        0x2 
 .bss.Files     0x200037d0       0x18 ./Middlewares/Third_Party/FatFs/src/ff.o
 .bss.LfnBuf    0x200037e8      0x200 ./Middlewares/Third_Party/FatFs/src/ff.o
 .bss.disk      0x200039e8        0xc ./Middlewares/Third_Party/FatFs/src/ff_gen_drv.o
                0x200039e8                disk
 .bss.__sf      0x200039f4      0x138 C:/ST/STM32CubeIDE_1.19.0/STM32CubeIDE/plugins/com.st.stm32cube.ide.mcu.externaltools.gnu-tools-for-stm32.13.3.rel1.win32_1.0.0.202411081344/tools/bin/../lib/gcc/arm-none-eabi/13.3.1/../../../../arm-none-eabi/lib/thumb/v7-m/nofp\libc_nano.a(libc_a-findfp.o)
                0x200039f4                __sf
 .bss.__stdio_exit_handler
                0x20003b2c        0x4 C:/ST/STM32CubeIDE_1.19.0/STM32CubeIDE/plugins/com.st.stm32cube.ide.mcu.externaltools.gnu-tools-for-stm32.13.3.rel1.win32_1.0.0.202411081344/tools/bin/../lib/gcc/arm-none-eabi/13.3.1/../../../../arm-none-eabi/lib/thumb/v7-m/nofp\libc_nano.a(libc_a-findfp.o)
                0x20003b2c                __stdio_exit_handler
 .bss.errno     0x20003b30        0x4 C:/ST/STM32CubeIDE_1.19.0/STM32CubeIDE/plugins/com.st.stm32cube.ide.mcu.externaltools.gnu-tools-for-stm32.13.3.rel1.win32_1.0.0.202411081344/tools/bin/../lib/gcc/arm-none-eabi/13.3.1/../../../../arm-none-eabi/lib/thumb/v7-m/nofp\libc_nano.a(libc_a-reent.o)
                0x20003b30                errno
 .bss.__lock___malloc_recursive_mutex
                0x20003b34        0x1 C:/ST/STM32CubeIDE_1.19.0/STM32CubeIDE/plugins/com.st.stm32cube.ide.mcu.externaltools.gnu-tools-for-stm32.13.3.rel1.win32_1.0.0.202411081344/tools/bin/../lib/gcc/arm-none-eabi/13.3.1/../../../../arm-none-eabi/lib/thumb/v7-m/nofp\libc_nano.a(libc_a-lock.o)
                0x20003b34                __lock___malloc_recursive_mutex
 .bss.__lock___sfp_recursive_mutex
                0x20003b35        0x1 C:/ST/STM32CubeIDE_1.19.0/STM32CubeIDE/plugins/com.st.stm32cube.ide.mcu.externaltools.gnu-tools-for-stm32.13.3.rel1.win32_1.0.0.202411081344/tools/bin/../lib/gcc/arm-none-eabi/13.3.1/../../../../arm-none-eabi/lib/thumb/v7-m/nofp\libc_nano.a(libc_a-lock.o)
                0x20003b35                __lock___sfp_recursive_mutex
 *fill*         0x20003b36        0x2 
 .bss.__malloc_sbrk_start
                0x20003b38        0x4 C:/ST/STM32CubeIDE_1.19.0/STM32CubeIDE/plugins/com.st.stm32cube.ide.mcu.externaltools.gnu-tools-for-stm32.13.3.rel1.win32_1.0.0.202411081344/tools/bin/../lib/gcc/arm-none-eabi/13.3.1/../../../../arm-none-eabi/lib/thumb/v7-m/nofp\libc_nano.a(libc_a-mallocr.o)
                0x20003b38                __malloc_sbrk_start
 .bss.__malloc_free_list
                0x20003b3c        0x4 C:/ST/STM32CubeIDE_1.19.0/STM32CubeIDE/plugins/com.st.stm32cube.ide.mcu.externaltools.gnu-tools-for-stm32.13.3.rel1.win32_1.0.0.202411081344/tools/bin/../lib/gcc/arm-none-eabi/13.3.1/../../../../arm-none-eabi/lib/thumb/v7-m/nofp\libc_nano.a(libc_a-mallocr.o)
                0x20003b3c                __malloc_free_list
 *(COMMON)
                0x20003b40                        . = ALIGN (0x4)
                0x20003b40                        _ebss = .
                0x20003b40                        __bss_end__ = _ebss

._user_heap_stack
                0x20003b40      0x600 load address 0x0800d9b4
                0x20003b40                        . = ALIGN (0x8)
                [!provide]                        PROVIDE (end = .)
                0x20003b40                        PROVIDE (_end = .)
                0x20003d40                        . = (. + _Min_Heap_Size)
 *fill*         0x20003b40      0x200 
                0x20004140                        . = (. + _Min_Stack_Size)
 *fill*         0x20003d40      0x400 
                0x20004140                        . = ALIGN (0x8)

/DISCARD/
 libc.a(*)
 libm.a(*)
 libgcc.a(*)

.ARM.attributes
                0x00000000       0x29
 *(.ARM.attributes)
 .ARM.attributes
                0x00000000       0x1d C:/ST/STM32CubeIDE_1.19.0/STM32CubeIDE/plugins/com.st.stm32cube.ide.mcu.externaltools.gnu-tools-for-stm32.13.3.rel1.win32_1.0.0.202411081344/tools/bin/../lib/gcc/arm-none-eabi/13.3.1/thumb/v7-m/nofp/crti.o
 .ARM.attributes
                0x0000001d       0x2d C:/ST/STM32CubeIDE_1.19.0/STM32CubeIDE/plugins/com.st.stm32cube.ide.mcu.externaltools.gnu-tools-for-stm32.13.3.rel1.win32_1.0.0.202411081344/tools/bin/../lib/gcc/arm-none-eabi/13.3.1/thumb/v7-m/nofp/crtbegin.o
 .ARM.attributes
                0x0000004a       0x2d ./Core/Src/SH1106.o
 .ARM.attributes
                0x00000077       0x2d ./Core/Src/fatfs_sd_card.o
 .ARM.attributes
                0x000000a4       0x2d ./Core/Src/fonts.o
 .ARM.attributes
                0x000000d1       0x2d ./Core/Src/gpio.o
 .ARM.attributes
                0x000000fe       0x2d ./Core/Src/i2c.o
 .ARM.attributes
                0x0000012b       0x2d ./Core/Src/main.o
 .ARM.attributes
                0x00000158       0x2d ./Core/Src/spi.o
 .ARM.attributes
                0x00000185       0x2d ./Core/Src/stm32f1xx_hal_msp.o
 .ARM.attributes
                0x000001b2       0x2d ./Core/Src/stm32f1xx_it.o
 .ARM.attributes
                0x000001df       0x2d ./Core/Src/syscalls.o
 .ARM.attributes
                0x0000020c       0x2d ./Core/Src/sysmem.o
 .ARM.attributes
                0x00000239       0x2d ./Core/Src/system_stm32f1xx.o
 .ARM.attributes
                0x00000266       0x2d ./Core/Src/tim.o
 .ARM.attributes
                0x00000293       0x21 ./Core/Startup/startup_stm32f103c8tx.o
 .ARM.attributes
                0x000002b4       0x2d ./Drivers/STM32F1xx_HAL_Driver/Src/stm32f1xx_hal.o
 .ARM.attributes
                0x000002e1       0x2d ./Drivers/STM32F1xx_HAL_Driver/Src/stm32f1xx_hal_cortex.o
 .ARM.attributes
                0x0000030e       0x2d ./Drivers/STM32F1xx_HAL_Driver/Src/stm32f1xx_hal_dma.o
 .ARM.attributes
                0x0000033b       0x2d ./Drivers/STM32F1xx_HAL_Driver/Src/stm32f1xx_hal_gpio.o
 .ARM.attributes
                0x00000368       0x2d ./Drivers/STM32F1xx_HAL_Driver/Src/stm32f1xx_hal_i2c.o
 .ARM.attributes
                0x00000395       0x2d ./Drivers/STM32F1xx_HAL_Driver/Src/stm32f1xx_hal_rcc.o
 .ARM.attributes
                0x000003c2       0x2d ./Drivers/STM32F1xx_HAL_Driver/Src/stm32f1xx_hal_spi.o
 .ARM.attributes
                0x000003ef       0x2d ./Drivers/STM32F1xx_HAL_Driver/Src/stm32f1xx_hal_tim.o
 .ARM.attributes
                0x0000041c       0x2d ./Drivers/STM32F1xx_HAL_Driver/Src/stm32f1xx_hal_tim_ex.o
 .ARM.attributes
                0x00000449       0x2d ./FATFS/App/fatfs.o
 .ARM.attributes
                0x00000476       0x2d ./FATFS/Target/user_diskio.o
 .ARM.attributes
                0x000004a3       0x2d ./Middlewares/Third_Party/FatFs/src/diskio.o
 .ARM.attributes
                0x000004d0       0x2d ./Middlewares/Third_Party/FatFs/src/ff.o
 .ARM.attributes
                0x000004fd       0x2d ./Middlewares/Third_Party/FatFs/src/ff_gen_drv.o
 .ARM.attributes
                0x0000052a       0x2d ./Middlewares/Third_Party/FatFs/src/option/ccsbcs.o
 .ARM.attributes
                0x00000557       0x2d C:/ST/STM32CubeIDE_1.19.0/STM32CubeIDE/plugins/com.st.stm32cube.ide.mcu.externaltools.gnu-tools-for-stm32.13.3.rel1.win32_1.0.0.202411081344/tools/bin/../lib/gcc/arm-none-eabi/13.3.1/../../../../arm-none-eabi/lib/thumb/v7-m/nofp\libc_nano.a(libc_a-findfp.o)
 .ARM.attributes
                0x00000584       0x2d C:/ST/STM32CubeIDE_1.19.0/STM32CubeIDE/plugins/com.st.stm32cube.ide.mcu.externaltools.gnu-tools-for-stm32.13.3.rel1.win32_1.0.0.202411081344/tools/bin/../lib/gcc/arm-none-eabi/13.3.1/../../../../arm-none-eabi/lib/thumb/v7-m/nofp\libc_nano.a(libc_a-fwalk.o)
 .ARM.attributes
                0x000005b1       0x2d C:/ST/STM32CubeIDE_1.19.0/STM32CubeIDE/plugins/com.st.stm32cube.ide.mcu.externaltools.gnu-tools-for-stm32.13.3.rel1.win32_1.0.0.202411081344/tools/bin/../lib/gcc/arm-none-eabi/13.3.1/../../../../arm-none-eabi/lib/thumb/v7-m/nofp\libc_nano.a(libc_a-printf.o)
 .ARM.attributes
                0x000005de       0x2d C:/ST/STM32CubeIDE_1.19.0/STM32CubeIDE/plugins/com.st.stm32cube.ide.mcu.externaltools.gnu-tools-for-stm32.13.3.rel1.win32_1.0.0.202411081344/tools/bin/../lib/gcc/arm-none-eabi/13.3.1/../../../../arm-none-eabi/lib/thumb/v7-m/nofp\libc_nano.a(libc_a-puts.o)
 .ARM.attributes
                0x0000060b       0x2d C:/ST/STM32CubeIDE_1.19.0/STM32CubeIDE/plugins/com.st.stm32cube.ide.mcu.externaltools.gnu-tools-for-stm32.13.3.rel1.win32_1.0.0.202411081344/tools/bin/../lib/gcc/arm-none-eabi/13.3.1/../../../../arm-none-eabi/lib/thumb/v7-m/nofp\libc_nano.a(libc_a-snprintf.o)
 .ARM.attributes
                0x00000638       0x2d C:/ST/STM32CubeIDE_1.19.0/STM32CubeIDE/plugins/com.st.stm32cube.ide.mcu.externaltools.gnu-tools-for-stm32.13.3.rel1.win32_1.0.0.202411081344/tools/bin/../lib/gcc/arm-none-eabi/13.3.1/../../../../arm-none-eabi/lib/thumb/v7-m/nofp\libc_nano.a(libc_a-sscanf.o)
 .ARM.attributes
                0x00000665       0x2d C:/ST/STM32CubeIDE_1.19.0/STM32CubeIDE/plugins/com.st.stm32cube.ide.mcu.externaltools.gnu-tools-for-stm32.13.3.rel1.win32_1.0.0.202411081344/tools/bin/../lib/gcc/arm-none-eabi/13.3.1/../../../../arm-none-eabi/lib/thumb/v7-m/nofp\libc_nano.a(libc_a-stdio.o)
 .ARM.attributes
                0x00000692       0x2d C:/ST/STM32CubeIDE_1.19.0/STM32CubeIDE/plugins/com.st.stm32cube.ide.mcu.externaltools.gnu-tools-for-stm32.13.3.rel1.win32_1.0.0.202411081344/tools/bin/../lib/gcc/arm-none-eabi/13.3.1/../../../../arm-none-eabi/lib/thumb/v7-m/nofp\libc_nano.a(libc_a-wbuf.o)
 .ARM.attributes
                0x000006bf       0x2d C:/ST/STM32CubeIDE_1.19.0/STM32CubeIDE/plugins/com.st.stm32cube.ide.mcu.externaltools.gnu-tools-for-stm32.13.3.rel1.win32_1.0.0.202411081344/tools/bin/../lib/gcc/arm-none-eabi/13.3.1/../../../../arm-none-eabi/lib/thumb/v7-m/nofp\libc_nano.a(libc_a-wsetup.o)
 .ARM.attributes
                0x000006ec       0x2d C:/ST/STM32CubeIDE_1.19.0/STM32CubeIDE/plugins/com.st.stm32cube.ide.mcu.externaltools.gnu-tools-for-stm32.13.3.rel1.win32_1.0.0.202411081344/tools/bin/../lib/gcc/arm-none-eabi/13.3.1/../../../../arm-none-eabi/lib/thumb/v7-m/nofp\libc_nano.a(libc_a-memset.o)
 .ARM.attributes
                0x00000719       0x2d C:/ST/STM32CubeIDE_1.19.0/STM32CubeIDE/plugins/com.st.stm32cube.ide.mcu.externaltools.gnu-tools-for-stm32.13.3.rel1.win32_1.0.0.202411081344/tools/bin/../lib/gcc/arm-none-eabi/13.3.1/../../../../arm-none-eabi/lib/thumb/v7-m/nofp\libc_nano.a(libc_a-strchr.o)
 .ARM.attributes
                0x00000746       0x2d C:/ST/STM32CubeIDE_1.19.0/STM32CubeIDE/plugins/com.st.stm32cube.ide.mcu.externaltools.gnu-tools-for-stm32.13.3.rel1.win32_1.0.0.202411081344/tools/bin/../lib/gcc/arm-none-eabi/13.3.1/../../../../arm-none-eabi/lib/thumb/v7-m/nofp\libc_nano.a(libc_a-strncpy.o)
 .ARM.attributes
                0x00000773       0x2d C:/ST/STM32CubeIDE_1.19.0/STM32CubeIDE/plugins/com.st.stm32cube.ide.mcu.externaltools.gnu-tools-for-stm32.13.3.rel1.win32_1.0.0.202411081344/tools/bin/../lib/gcc/arm-none-eabi/13.3.1/../../../../arm-none-eabi/lib/thumb/v7-m/nofp\libc_nano.a(libc_a-closer.o)
 .ARM.attributes
                0x000007a0       0x2d C:/ST/STM32CubeIDE_1.19.0/STM32CubeIDE/plugins/com.st.stm32cube.ide.mcu.externaltools.gnu-tools-for-stm32.13.3.rel1.win32_1.0.0.202411081344/tools/bin/../lib/gcc/arm-none-eabi/13.3.1/../../../../arm-none-eabi/lib/thumb/v7-m/nofp\libc_nano.a(libc_a-reent.o)
 .ARM.attributes
                0x000007cd       0x2d C:/ST/STM32CubeIDE_1.19.0/STM32CubeIDE/plugins/com.st.stm32cube.ide.mcu.externaltools.gnu-tools-for-stm32.13.3.rel1.win32_1.0.0.202411081344/tools/bin/../lib/gcc/arm-none-eabi/13.3.1/../../../../arm-none-eabi/lib/thumb/v7-m/nofp\libc_nano.a(libc_a-impure.o)
 .ARM.attributes
                0x000007fa       0x2d C:/ST/STM32CubeIDE_1.19.0/STM32CubeIDE/plugins/com.st.stm32cube.ide.mcu.externaltools.gnu-tools-for-stm32.13.3.rel1.win32_1.0.0.202411081344/tools/bin/../lib/gcc/arm-none-eabi/13.3.1/../../../../arm-none-eabi/lib/thumb/v7-m/nofp\libc_nano.a(libc_a-lseekr.o)
 .ARM.attributes
                0x00000827       0x2d C:/ST/STM32CubeIDE_1.19.0/STM32CubeIDE/plugins/com.st.stm32cube.ide.mcu.externaltools.gnu-tools-for-stm32.13.3.rel1.win32_1.0.0.202411081344/tools/bin/../lib/gcc/arm-none-eabi/13.3.1/../../../../arm-none-eabi/lib/thumb/v7-m/nofp\libc_nano.a(libc_a-readr.o)
 .ARM.attributes
                0x00000854       0x2d C:/ST/STM32CubeIDE_1.19.0/STM32CubeIDE/plugins/com.st.stm32cube.ide.mcu.externaltools.gnu-tools-for-stm32.13.3.rel1.win32_1.0.0.202411081344/tools/bin/../lib/gcc/arm-none-eabi/13.3.1/../../../../arm-none-eabi/lib/thumb/v7-m/nofp\libc_nano.a(libc_a-writer.o)
 .ARM.attributes
                0x00000881       0x2d C:/ST/STM32CubeIDE_1.19.0/STM32CubeIDE/plugins/com.st.stm32cube.ide.mcu.externaltools.gnu-tools-for-stm32.13.3.rel1.win32_1.0.0.202411081344/tools/bin/../lib/gcc/arm-none-eabi/13.3.1/../../../../arm-none-eabi/lib/thumb/v7-m/nofp\libc_nano.a(libc_a-errno.o)
 .ARM.attributes
                0x000008ae       0x2d C:/ST/STM32CubeIDE_1.19.0/STM32CubeIDE/plugins/com.st.stm32cube.ide.mcu.externaltools.gnu-tools-for-stm32.13.3.rel1.win32_1.0.0.202411081344/tools/bin/../lib/gcc/arm-none-eabi/13.3.1/../../../../arm-none-eabi/lib/thumb/v7-m/nofp\libc_nano.a(libc_a-init.o)
 .ARM.attributes